<html>
<body>
<pre>
<h1>µVision Build Log</h1>
<h2>Tool Versions:</h2>
IDE-Version: ¦ÌVision V5.16a
Copyright (C) 2015 ARM Ltd and ARM Germany GmbH. All rights reserved.
License Information: Walt Yeh, SJTU, LIC=0VR8T-RZKPV-WI35K-ZEUWB-8AHN4-S5DS4
 
Tool Versions:
Toolchain:       MDK-ARM Professional  Version: 5.16a
Toolchain Path:  F:\SoftwareOrdner\Keil5\installed\ARM\ARMCC\Bin
C Compiler:      Armcc.exe V5.06 (build 20)
Assembler:       Armasm.exe V5.06 (build 20)
Linker/Locator:  ArmLink.exe V5.06 (build 20)
Library Manager: ArmAr.exe V5.06 (build 20)
Hex Converter:   FromElf.exe V5.06 (build 20)
CPU DLL:         SARMCM3.DLL V5.16a
Dialog DLL:      DCM.DLL V1.13.2.0
Target DLL:      Segger\JL2CM3.dll V2.99.15.2
Dialog DLL:      TCM.DLL V1.14.5.0
 
<h2>Project:</h2>
F:\HauptOrdner\dasLaaboratorium\DieSchwaermerische\SwarmSJTU\Lichtgestalt\MDK-ARM\AutoPilot.uvprojx
Project File Date:  10/05/2017

<h2>Output:</h2>
*** Using Compiler 'V5.06 (build 20)', folder: 'F:\SoftwareOrdner\Keil5\installed\ARM\ARMCC\Bin'
Build target 'AutoPilot'
compiling mpu6000_spi.c...
compiling battery.c...
compiling data_link.c...
compiling hmc5883l_i2c.c...
compiling led.c...
compiling rom.c...
compiling system.c...
compiling receiver.c...
compiling GPS.c...
compiling motor_mixer.c...
compiling sensors_task.c...
compiling situation_awareness.c...
compiling sensors_calibration.c...
compiling commander.c...
compiling attitude_estimator.c...
compiling attitude_controller.c...
compiling position_controller.c...
..\Modules\position_controller.c(120): warning:  #550-D: variable "t_pitch_sp" was set but never used
  	float t_pitch_sp;
..\Modules\position_controller.c(121): warning:  #550-D: variable "t_roll_sp" was set but never used
  	float t_roll_sp;
..\Modules\position_controller.c: 2 warnings, 0 errors
compiling position_estimator.c...
..\Modules\position_estimator.c(190): warning:  #550-D: variable "att_acc_ready" was set but never used
  	bool att_acc_ready = false;
..\Modules\position_estimator.c(217): warning:  #550-D: variable "att_ready" was set but never used
  	bool att_ready = false;
..\Modules\position_estimator.c(218): warning:  #550-D: variable "gps_azm_correct" was set but never used
  	bool gps_azm_correct = false;
..\Modules\position_estimator.c(228): warning:  #550-D: variable "gps_pre_t" was set but never used
  	uint32_t gps_pre_t = 0;
..\Modules\position_estimator.c: 4 warnings, 0 errors
compiling task_manager.c...
linking...
Program Size: Code=84436 RO-data=218128 RW-data=1000 ZI-data=71728  
"AutoPilot\AutoPilot.axf" - 0 Error(s), 6 Warning(s).

<h2>Software Packages used:</h2>

Package Vendor: ARM
                http://www.keil.com/pack/ARM.CMSIS.4.3.0.pack
                ARM::CMSIS:CORE:4.1.0
                CMSIS (Cortex Microcontroller Software Interface Standard)
   * Component: CORE Version: 4.1.0

<h2>Collection of Component include folders:</h2>
  F:\HauptOrdner\dasLaaboratorium\DieSchwaermerische\SwarmSJTU\Lichtgestalt\MDK-ARM\RTE
  F:\SoftwareOrdner\Keil5\installed\ARM\PACK\ARM\CMSIS\4.3.0\CMSIS\Include
  F:\SoftwareOrdner\Keil5\installed\ARM\PACK\STM32F4xx\Drivers\CMSIS\Device\ST\STM32F4xx\Include

<h2>Collection of Component Files used:</h2>

   * Component: ARM::CMSIS:CORE:4.1.0
Build Time Elapsed:  00:00:11
</pre>
</body>
</html>
