Component: ARM Compiler 5.06 (build 20) Tool: armlink [4d35a3]

==============================================================================

Section Cross References

    stm32f4xx_hal_gpio.o(i.HAL_GPIO_EXTI_IRQHandler) refers to stm32f4xx_hal_gpio.o(i.HAL_GPIO_EXTI_Callback) for HAL_GPIO_EXTI_Callback
    stm32f4xx_hal_cortex.o(i.HAL_NVIC_GetPriorityGrouping) refers to stm32f4xx_hal_cortex.o(i.NVIC_GetPriorityGrouping) for NVIC_GetPriorityGrouping
    stm32f4xx_hal_cortex.o(i.HAL_NVIC_SetPriority) refers to stm32f4xx_hal_cortex.o(i.NVIC_GetPriorityGrouping) for NVIC_GetPriorityGrouping
    stm32f4xx_hal_cortex.o(i.HAL_NVIC_SetPriority) refers to stm32f4xx_hal_cortex.o(i.NVIC_SetPriority) for NVIC_SetPriority
    stm32f4xx_hal_cortex.o(i.HAL_SYSTICK_Config) refers to stm32f4xx_hal_cortex.o(i.NVIC_SetPriority) for NVIC_SetPriority
    stm32f4xx_hal_cortex.o(i.HAL_SYSTICK_IRQHandler) refers to stm32f4xx_hal_cortex.o(i.HAL_SYSTICK_Callback) for HAL_SYSTICK_Callback
    stm32f4xx_hal_uart.o(i.HAL_HalfDuplex_Init) refers to stm32f4xx_hal_msp.o(i.HAL_UART_MspInit) for HAL_UART_MspInit
    stm32f4xx_hal_uart.o(i.HAL_HalfDuplex_Init) refers to stm32f4xx_hal_uart.o(i.UART_SetConfig) for UART_SetConfig
    stm32f4xx_hal_uart.o(i.HAL_LIN_Init) refers to stm32f4xx_hal_msp.o(i.HAL_UART_MspInit) for HAL_UART_MspInit
    stm32f4xx_hal_uart.o(i.HAL_LIN_Init) refers to stm32f4xx_hal_uart.o(i.UART_SetConfig) for UART_SetConfig
    stm32f4xx_hal_uart.o(i.HAL_MultiProcessor_Init) refers to stm32f4xx_hal_msp.o(i.HAL_UART_MspInit) for HAL_UART_MspInit
    stm32f4xx_hal_uart.o(i.HAL_MultiProcessor_Init) refers to stm32f4xx_hal_uart.o(i.UART_SetConfig) for UART_SetConfig
    stm32f4xx_hal_uart.o(i.HAL_UART_DMAStop) refers to stm32f4xx_hal_dma.o(i.HAL_DMA_Abort) for HAL_DMA_Abort
    stm32f4xx_hal_uart.o(i.HAL_UART_DMAStop) refers to stm32f4xx_hal_uart.o(i.UART_EndTxTransfer) for UART_EndTxTransfer
    stm32f4xx_hal_uart.o(i.HAL_UART_DMAStop) refers to stm32f4xx_hal_uart.o(i.UART_EndRxTransfer) for UART_EndRxTransfer
    stm32f4xx_hal_uart.o(i.HAL_UART_DeInit) refers to stm32f4xx_hal_msp.o(i.HAL_UART_MspDeInit) for HAL_UART_MspDeInit
    stm32f4xx_hal_uart.o(i.HAL_UART_IRQHandler) refers to stm32f4xx_hal_uart.o(i.UART_Receive_IT) for UART_Receive_IT
    stm32f4xx_hal_uart.o(i.HAL_UART_IRQHandler) refers to stm32f4xx_hal_uart.o(i.UART_EndRxTransfer) for UART_EndRxTransfer
    stm32f4xx_hal_uart.o(i.HAL_UART_IRQHandler) refers to stm32f4xx_hal_dma.o(i.HAL_DMA_Abort_IT) for HAL_DMA_Abort_IT
    stm32f4xx_hal_uart.o(i.HAL_UART_IRQHandler) refers to stm32f4xx_hal_uart.o(i.HAL_UART_ErrorCallback) for HAL_UART_ErrorCallback
    stm32f4xx_hal_uart.o(i.HAL_UART_IRQHandler) refers to stm32f4xx_hal_uart.o(i.UART_Transmit_IT) for UART_Transmit_IT
    stm32f4xx_hal_uart.o(i.HAL_UART_IRQHandler) refers to stm32f4xx_hal_uart.o(i.UART_EndTransmit_IT) for UART_EndTransmit_IT
    stm32f4xx_hal_uart.o(i.HAL_UART_IRQHandler) refers to stm32f4xx_hal_uart.o(i.UART_DMAAbortOnError) for UART_DMAAbortOnError
    stm32f4xx_hal_uart.o(i.HAL_UART_Init) refers to stm32f4xx_hal_msp.o(i.HAL_UART_MspInit) for HAL_UART_MspInit
    stm32f4xx_hal_uart.o(i.HAL_UART_Init) refers to stm32f4xx_hal_uart.o(i.UART_SetConfig) for UART_SetConfig
    stm32f4xx_hal_uart.o(i.HAL_UART_Receive) refers to stm32f4xx_hal.o(i.HAL_GetTick) for HAL_GetTick
    stm32f4xx_hal_uart.o(i.HAL_UART_Receive) refers to stm32f4xx_hal_uart.o(i.UART_WaitOnFlagUntilTimeout) for UART_WaitOnFlagUntilTimeout
    stm32f4xx_hal_uart.o(i.HAL_UART_Receive_DMA) refers to stm32f4xx_hal_dma.o(i.HAL_DMA_Start_IT) for HAL_DMA_Start_IT
    stm32f4xx_hal_uart.o(i.HAL_UART_Receive_DMA) refers to stm32f4xx_hal_uart.o(i.UART_DMAReceiveCplt) for UART_DMAReceiveCplt
    stm32f4xx_hal_uart.o(i.HAL_UART_Receive_DMA) refers to stm32f4xx_hal_uart.o(i.UART_DMARxHalfCplt) for UART_DMARxHalfCplt
    stm32f4xx_hal_uart.o(i.HAL_UART_Receive_DMA) refers to stm32f4xx_hal_uart.o(i.UART_DMAError) for UART_DMAError
    stm32f4xx_hal_uart.o(i.HAL_UART_Transmit) refers to stm32f4xx_hal.o(i.HAL_GetTick) for HAL_GetTick
    stm32f4xx_hal_uart.o(i.HAL_UART_Transmit) refers to stm32f4xx_hal_uart.o(i.UART_WaitOnFlagUntilTimeout) for UART_WaitOnFlagUntilTimeout
    stm32f4xx_hal_uart.o(i.HAL_UART_Transmit_DMA) refers to stm32f4xx_hal_dma.o(i.HAL_DMA_Start_IT) for HAL_DMA_Start_IT
    stm32f4xx_hal_uart.o(i.HAL_UART_Transmit_DMA) refers to stm32f4xx_hal_uart.o(i.UART_DMATransmitCplt) for UART_DMATransmitCplt
    stm32f4xx_hal_uart.o(i.HAL_UART_Transmit_DMA) refers to stm32f4xx_hal_uart.o(i.UART_DMATxHalfCplt) for UART_DMATxHalfCplt
    stm32f4xx_hal_uart.o(i.HAL_UART_Transmit_DMA) refers to stm32f4xx_hal_uart.o(i.UART_DMAError) for UART_DMAError
    stm32f4xx_hal_uart.o(i.UART_DMAAbortOnError) refers to stm32f4xx_hal_uart.o(i.HAL_UART_ErrorCallback) for HAL_UART_ErrorCallback
    stm32f4xx_hal_uart.o(i.UART_DMAError) refers to stm32f4xx_hal_uart.o(i.UART_EndTxTransfer) for UART_EndTxTransfer
[...]
    twiddleCoef_rfft_2048                    0x080420d0   Data        8192  arm_common_tables.o(.constdata)
    twiddleCoef_rfft_4096                    0x080440d0   Data       16384  arm_common_tables.o(.constdata)
    sinTable_f32                             0x080480d0   Data        2052  arm_common_tables.o(.constdata)
    sinTable_q31                             0x080488d4   Data        2052  arm_common_tables.o(.constdata)
    sinTable_q15                             0x080490d8   Data        1026  arm_common_tables.o(.constdata)
    __mathlib_zero                           0x080496e8   Data           8  qnan.o(.constdata)
    Region$$Table$$Base                      0x0804984c   Number         0  anon$$obj.o(Region$$Table)
    Region$$Table$$Limit                     0x0804986c   Number         0  anon$$obj.o(Region$$Table)
    uwTick                                   0x20000000   Data           4  stm32f4xx_hal.o(.data)
    pxCurrentTCB                             0x20000004   Data           4  tasks.o(.data)
    USBD_CDC                                 0x20000070   Data          56  usbd_cdc.o(.data)
    USBD_CDC_CfgHSDesc                       0x200000a8   Data          67  usbd_cdc.o(.data)
    USBD_CDC_CfgFSDesc                       0x200000ec   Data          67  usbd_cdc.o(.data)
    USBD_CDC_OtherSpeedCfgDesc               0x20000130   Data          67  usbd_cdc.o(.data)
    FS_Desc                                  0x20000174   Data          28  usbd_desc.o(.data)
    USBD_FS_DeviceDesc                       0x20000190   Data          18  usbd_desc.o(.data)
    USBD_LangIDDesc                          0x200001a4   Data           4  usbd_desc.o(.data)
    hcrc                                     0x200001a8   Data           8  main.o(.data)
    defaultTaskHandle                        0x200001b0   Data           4  main.o(.data)
    UserRxBufferFS                           0x200001b4   Data           4  usbd_cdc_if.o(.data)
    UserTxBufferFS                           0x200001b8   Data           4  usbd_cdc_if.o(.data)
    USBD_Interface_fops_FS                   0x200001bc   Data          16  usbd_cdc_if.o(.data)
    SystemCoreClock                          0x200001cc   Data           4  system_stm32f4xx.o(.data)
    dest_addr_h                              0x200001d8   Data           4  data_link.o(.data)
    dest_addr_l                              0x200001dc   Data           4  data_link.o(.data)
    pid_ack                                  0x200001f0   Data           1  data_link.o(.data)
    acc_gyr_spi_tx                           0x20000204   Data          15  mpu6000_spi.o(.data)
    setup                                    0x20000218   Data           2  ms5611_i2c.o(.data)
    C1                                       0x2000021a   Data           2  ms5611_i2c.o(.data)
    C2                                       0x2000021c   Data           2  ms5611_i2c.o(.data)
    C3                                       0x2000021e   Data           2  ms5611_i2c.o(.data)
    C4                                       0x20000220   Data           2  ms5611_i2c.o(.data)
    C5                                       0x20000222   Data           2  ms5611_i2c.o(.data)
    C6                                       0x20000224   Data           2  ms5611_i2c.o(.data)
    D2                                       0x20000228   Data           4  ms5611_i2c.o(.data)
    D1                                       0x2000022c   Data           4  ms5611_i2c.o(.data)
    p_D1                                     0x20000230   Data           1  ms5611_i2c.o(.data)
    p_D2                                     0x20000231   Data           1  ms5611_i2c.o(.data)
    baro_status                              0x20000232   Data           1  ms5611_i2c.o(.data)
    res                                      0x20000233   Data           3  ms5611_i2c.o(.data)
    OFF                                      0x20000238   Data           8  ms5611_i2c.o(.data)
    SENS                                     0x20000240   Data           8  ms5611_i2c.o(.data)
    flash_write                              0x20000248   Data           1  rom.o(.data)
    read                                     0x20000258   Data           4  gps.o(.data)
    mag_i2c_rx                               0x2000026c   Data           6  sensors_task.o(.data)
    curr_i2c_dev                             0x20000296   Data           1  sensors_task.o(.data)
    w_mag                                    0x200002b0   Data           4  attitude_estimator.o(.data)
    w_acc                                    0x200002b4   Data           4  attitude_estimator.o(.data)
    w_gyr_bias                               0x200002b8   Data           4  attitude_estimator.o(.data)
    bias_max                                 0x200002bc   Data           4  attitude_estimator.o(.data)
    g_mode                                   0x200002d2   Data           1  task_manager.o(.data)
    g_statusLock                             0x200002d3   Data           1  task_manager.o(.data)
    g_statusFlight                           0x200002d4   Data           1  task_manager.o(.data)
    g_statusRC                               0x200002d5   Data           1  task_manager.o(.data)
    g_statusGS                               0x200002d6   Data           1  task_manager.o(.data)
    pitchPID                                 0x200002dc   Data          32  attitude_controller.o(.data)
    rollPID                                  0x200002fc   Data          32  attitude_controller.o(.data)
    yawPID                                   0x2000031c   Data          32  attitude_controller.o(.data)
    altPID                                   0x20000340   Data          32  position_controller.o(.data)
    pos_xPID                                 0x20000360   Data          32  position_controller.o(.data)
    pos_yPID                                 0x20000380   Data          32  position_controller.o(.data)
    cali_acc_pos_z                           0x200003a0   Data           4  position_estimator.o(.data)
    gps_valid                                0x200003a4   Data           1  position_estimator.o(.data)
    yaw_bias                                 0x200003a8   Data           4  position_estimator.o(.data)
    __microlib_freelist                      0x200003bc   Data           4  mvars.o(.data)
    __microlib_freelist_initialised          0x200003c0   Data           4  mvars.o(.data)
    pFlash                                   0x200003c8   Data          32  stm32f4xx_hal_flash.o(.bss)
    USBD_StrDesc                             0x200040d8   Data         512  usbd_desc.o(.bss)
    hadc1                                    0x200042d8   Data          72  main.o(.bss)
    hi2c1                                    0x20004320   Data          84  main.o(.bss)
    hi2c2                                    0x20004374   Data          84  main.o(.bss)
    hdma_i2c1_rx                             0x200043c8   Data          96  main.o(.bss)
    hdma_i2c2_rx                             0x20004428   Data          96  main.o(.bss)
    hdma_i2c2_tx                             0x20004488   Data          96  main.o(.bss)
    hspi1                                    0x200044e8   Data          88  main.o(.bss)
    hdma_spi1_rx                             0x20004540   Data          96  main.o(.bss)
    hdma_spi1_tx                             0x200045a0   Data          96  main.o(.bss)
    htim3                                    0x20004600   Data          60  main.o(.bss)
    htim4                                    0x2000463c   Data          60  main.o(.bss)
    htim8                                    0x20004678   Data          60  main.o(.bss)
    huart5                                   0x200046b4   Data          64  main.o(.bss)
    huart1                                   0x200046f4   Data          64  main.o(.bss)
    huart2                                   0x20004734   Data          64  main.o(.bss)
    hdma_usart1_rx                           0x20004774   Data          96  main.o(.bss)
    hdma_usart2_tx                           0x200047d4   Data          96  main.o(.bss)
    hdma_usart2_rx                           0x20004834   Data          96  main.o(.bss)
    htim1                                    0x20004894   Data          60  stm32f4xx_hal_timebase_tim.o(.bss)
    hUsbDeviceFS                             0x200048d0   Data         548  usb_device.o(.bss)
    hpcd_USB_OTG_FS                          0x20004af4   Data         952  usbd_conf.o(.bss)
    tx_buffer                                0x20004eac   Data          64  data_link.o(.bss)
    rx_buffer0                               0x20004eec   Data          64  data_link.o(.bss)
    rx_buffer1                               0x20004f2c   Data          64  data_link.o(.bss)
    decoding_buffer                          0x20004f6c   Data          64  data_link.o(.bss)
    data2send                                0x20004fac   Data          36  data_link.o(.bss)
    write_buffer                             0x200050a4   Data          64  rom.o(.bss)
    read_buffer                              0x200050e4   Data          64  rom.o(.bss)
    sbus_buffer                              0x20005124   Data          25  receiver.o(.bss)
    gps_buffer0                              0x200051c0   Data         256  gps.o(.bss)
    gps_buffer1                              0x200052c0   Data         256  gps.o(.bss)
    acc_gyr_spi_rx                           0x200053c0   Data          15  sensors_task.o(.bss)
    iir_ax                                   0x20005418   Data          32  sensors_task.o(.bss)
    iir_ay                                   0x20005438   Data          32  sensors_task.o(.bss)
    iir_az                                   0x20005458   Data          32  sensors_task.o(.bss)
    iir_gx                                   0x20005478   Data          32  sensors_task.o(.bss)
    iir_gy                                   0x20005498   Data          32  sensors_task.o(.bss)
    iir_gz                                   0x200054b8   Data          32  sensors_task.o(.bss)
    x                                        0x20005604   Data         800  sensors_calibration.o(.bss)
    y                                        0x20005924   Data         800  sensors_calibration.o(.bss)
    z                                        0x20005c44   Data         800  sensors_calibration.o(.bss)
    _acc_bias_body                           0x20006118   Data          12  position_estimator.o(.bss)
    _acc_filtered                            0x20006124   Data          12  position_estimator.o(.bss)
    __heap_base                              0x20006130   Data           0  startup_stm32f405xx.o(HEAP)
    __heap_limit                             0x20006330   Data           0  startup_stm32f405xx.o(HEAP)
    __initial_sp                             0x20006730   Data           0  startup_stm32f405xx.o(STACK)



==============================================================================

Memory Map of the image

  Image Entry point : 0x08000189

  Load Region LR_IROM1 (Base: 0x08000000, Size: 0x00049c34, Max: 0x00100000, ABSOLUTE, COMPRESSED[0x00049988])

    Execution Region ER_IROM1 (Base: 0x08000000, Size: 0x0004986c, Max: 0x00100000, ABSOLUTE)

    Base Addr    Size         Type   Attr      Idx    E Section Name        Object

    0x08000000   0x00000188   Data   RO         6594    RESET               startup_stm32f405xx.o
    0x08000188   0x00000000   Code   RO         8961  * .ARM.Collect$$$$00000000  mc_w.l(entry.o)
    0x08000188   0x00000004   Code   RO         9109    .ARM.Collect$$$$00000001  mc_w.l(entry2.o)
    0x0800018c   0x00000004   Code   RO         9112    .ARM.Collect$$$$00000004  mc_w.l(entry5.o)
    0x08000190   0x00000000   Code   RO         9114    .ARM.Collect$$$$00000008  mc_w.l(entry7b.o)
    0x08000190   0x00000000   Code   RO         9116    .ARM.Collect$$$$0000000A  mc_w.l(entry8b.o)
    0x08000190   0x00000008   Code   RO         9117    .ARM.Collect$$$$0000000B  mc_w.l(entry9a.o)
    0x08000198   0x00000000   Code   RO         9119    .ARM.Collect$$$$0000000D  mc_w.l(entry10a.o)
    0x08000198   0x00000000   Code   RO         9121    .ARM.Collect$$$$0000000F  mc_w.l(entry11a.o)
    0x08000198   0x00000004   Code   RO         9110    .ARM.Collect$$$$00002712  mc_w.l(entry2.o)
    0x0800019c   0x000000ba   Code   RO         4885    .emb_text           port.o
    0x08000256   0x00000002   PAD
    0x08000258   0x00000024   Code   RO         6595    .text               startup_stm32f405xx.o
    0x0800027c   0x00000062   Code   RO         8964    .text               mc_w.l(ldiv.o)
    0x080002de   0x00000024   Code   RO         8966    .text               mc_w.l(memcpya.o)
    0x08000302   0x00000024   Code   RO         8968    .text               mc_w.l(memseta.o)
    0x08000326   0x0000014e   Code   RO         9006    .text               mf_w.l(dadd.o)
    0x08000474   0x000000e4   Code   RO         9008    .text               mf_w.l(dmul.o)
    0x08000558   0x000000de   Code   RO         9010    .text               mf_w.l(ddiv.o)
    0x08000636   0x0000002c   Code   RO         9014    .text               mf_w.l(ffltl.o)
    0x08000662   0x00000022   Code   RO         9016    .text               mf_w.l(dflti.o)
    0x08000684   0x00000028   Code   RO         9018    .text               mf_w.l(dfltl.o)
    0x080006ac   0x00000026   Code   RO         9022    .text               mf_w.l(f2d.o)
    0x080006d2   0x00000002   PAD
    0x080006d4   0x00000030   Code   RO         9024    .text               mf_w.l(cdcmple.o)
    0x08000704   0x00000038   Code   RO         9026    .text               mf_w.l(d2f.o)
    0x0800073c   0x00000062   Code   RO         9123    .text               mc_w.l(uldiv.o)
    0x0800079e   0x0000001e   Code   RO         9125    .text               mc_w.l(llshl.o)
    0x080007bc   0x00000020   Code   RO         9127    .text               mc_w.l(llushr.o)
    0x080007dc   0x00000024   Code   RO         9129    .text               mc_w.l(llsshr.o)
    0x08000800   0x00000000   Code   RO         9144    .text               mc_w.l(iusefp.o)
    0x08000800   0x0000006e   Code   RO         9145    .text               mf_w.l(fepilogue.o)
    0x0800086e   0x000000ba   Code   RO         9147    .text               mf_w.l(depilogue.o)
    0x08000928   0x0000002e   Code   RO         9149    .text               mf_w.l(dscalb.o)
    0x08000956   0x00000002   PAD
    0x08000958   0x00000030   Code   RO         9151    .text               mf_w.l(cdrcmple.o)
    0x08000988   0x00000024   Code   RO         9153    .text               mc_w.l(init.o)
    0x080009ac   0x000000a2   Code   RO         9193    .text               mf_w.l(dsqrt.o)
    0x08000a4e   0x0000001a   Code   RO         9195    .text               mf_w.l(dfltui.o)
    0x08000a68   0x0000003e   Code   RO         9197    .text               mf_w.l(dfixi.o)
    0x08000aa6   0x00000056   Code   RO         9214    .text               mc_w.l(__dczerorl2.o)
    0x08000afc   0x00000178   Code   RO         3479    i.ADC_Init          stm32f4xx_hal_adc.o
    0x08000c74   0x00000004   Code   RO         5517    i.BusFault_Handler  stm32f4xx_it.o
    0x08000c78   0x00000044   Code   RO         5971    i.CDC_Control_FS    usbd_cdc_if.o
    0x08000cbc   0x00000004   Code   RO         5972    i.CDC_DeInit_FS     usbd_cdc_if.o
    0x08000cc0   0x00000024   Code   RO         5973    i.CDC_Init_FS       usbd_cdc_if.o
    0x08000ce4   0x0000001c   Code   RO         5974    i.CDC_Receive_FS    usbd_cdc_if.o
    0x08000d00   0x00000010   Code   RO         5518    i.DMA1_Stream0_IRQHandler  stm32f4xx_it.o
    0x08000d10   0x00000010   Code   RO         5519    i.DMA1_Stream2_IRQHandler  stm32f4xx_it.o
    0x08000d20   0x00000010   Code   RO         5520    i.DMA1_Stream5_IRQHandler  stm32f4xx_it.o
    0x08000d30   0x00000010   Code   RO         5521    i.DMA1_Stream6_IRQHandler  stm32f4xx_it.o
    0x08000d40   0x00000010   Code   RO         5522    i.DMA1_Stream7_IRQHandler  stm32f4xx_it.o
    0x08000d50   0x00000010   Code   RO         5523    i.DMA2_Stream2_IRQHandler  stm32f4xx_it.o
    0x08000d60   0x00000010   Code   RO         5524    i.DMA2_Stream3_IRQHandler  stm32f4xx_it.o
    0x08000d70   0x00000010   Code   RO         5525    i.DMA2_Stream5_IRQHandler  stm32f4xx_it.o
    0x08000d80   0x00000034   Code   RO         1607    i.DMA_CalcBaseAndBitshift  stm32f4xx_hal_dma.o
    0x08000db4   0x000000ba   Code   RO         1608    i.DMA_CheckFifoParam  stm32f4xx_hal_dma.o
    0x08000e6e   0x0000002c   Code   RO         1609    i.DMA_SetConfig     stm32f4xx_hal_dma.o
    0x08000e9a   0x00000002   PAD
    0x08000e9c   0x000000bc   Code   RO         6602    i.DataLinkReceive_IDLE  data_link.o
    0x08000f58   0x00000002   Code   RO         5526    i.DebugMon_Handler  stm32f4xx_it.o
    0x08000f5a   0x00000014   Code   RO         5527    i.EXTI15_10_IRQHandler  stm32f4xx_it.o
    0x08000f6e   0x0000000a   Code   RO         5528    i.EXTI2_IRQHandler  stm32f4xx_it.o
    0x08000f78   0x00000004   Code   RO         5754    i.Error_Handler     main.o
    0x08000f7c   0x00000068   Code   RO         1815    i.FLASH_Erase_Sector  stm32f4xx_hal_flash_ex.o
    0x08000fe4   0x00000078   Code   RO         1816    i.FLASH_FlushCaches  stm32f4xx_hal_flash_ex.o
    0x0800105c   0x00000008   Code   RO         5529    i.FLASH_IRQHandler  stm32f4xx_it.o
    0x08001064   0x00000030   Code   RO         1817    i.FLASH_MassErase   stm32f4xx_hal_flash_ex.o
    0x08001094   0x00000024   Code   RO          866    i.FLASH_Program_Byte  stm32f4xx_hal_flash.o
    0x080010b8   0x0000002c   Code   RO          867    i.FLASH_Program_DoubleWord  stm32f4xx_hal_flash.o
    0x080010e4   0x00000028   Code   RO          868    i.FLASH_Program_HalfWord  stm32f4xx_hal_flash.o
    0x0800110c   0x00000028   Code   RO          869    i.FLASH_Program_Word  stm32f4xx_hal_flash.o
    0x08001134   0x000000b4   Code   RO          870    i.FLASH_SetErrorCode  stm32f4xx_hal_flash.o
    0x080011e8   0x00000070   Code   RO          871    i.FLASH_WaitForLastOperation  stm32f4xx_hal_flash.o
    0x08001258   0x0000009c   Code   RO         7389    i.GPSInit           gps.o
    0x080012f4   0x000000c0   Code   RO         7390    i.GPSReceive_IDLE   gps.o
    0x080013b4   0x00000034   Code   RO         7391    i.GPSTask           gps.o
    0x080013e8   0x00000194   Code   RO         3481    i.HAL_ADC_ConfigChannel  stm32f4xx_hal_adc.o
    0x0800157c   0x00000006   Code   RO         3487    i.HAL_ADC_GetState  stm32f4xx_hal_adc.o
    0x08001582   0x00000008   Code   RO         3488    i.HAL_ADC_GetValue  stm32f4xx_hal_adc.o
    0x0800158a   0x00000002   PAD
    0x0800158c   0x00000068   Code   RO         3490    i.HAL_ADC_Init      stm32f4xx_hal_adc.o
    0x080015f4   0x00000054   Code   RO         6029    i.HAL_ADC_MspInit   stm32f4xx_hal_msp.o
    0x08001648   0x000000ba   Code   RO         3494    i.HAL_ADC_PollForConversion  stm32f4xx_hal_adc.o
    0x08001702   0x00000002   PAD
    0x08001704   0x00000100   Code   RO         3496    i.HAL_ADC_Start     stm32f4xx_hal_adc.o
    0x08001804   0x00000024   Code   RO         3850    i.HAL_CRC_Init      stm32f4xx_hal_crc.o
    0x08001828   0x00000034   Code   RO         6031    i.HAL_CRC_MspInit   stm32f4xx_hal_msp.o
    0x0800185c   0x000000aa   Code   RO         1610    i.HAL_DMA_Abort     stm32f4xx_hal_dma.o
    0x08001906   0x00000028   Code   RO         1611    i.HAL_DMA_Abort_IT  stm32f4xx_hal_dma.o
    0x0800192e   0x00000002   PAD
    0x08001930   0x00000248   Code   RO         1615    i.HAL_DMA_IRQHandler  stm32f4xx_hal_dma.o
    0x08001b78   0x000000e8   Code   RO         1616    i.HAL_DMA_Init      stm32f4xx_hal_dma.o
    0x08001c60   0x0000009e   Code   RO         1620    i.HAL_DMA_Start_IT  stm32f4xx_hal_dma.o
    0x08001cfe   0x0000001a   Code   RO         3336    i.HAL_Delay         stm32f4xx_hal.o
    0x08001d18   0x000000ac   Code   RO         1827    i.HAL_FLASHEx_Erase  stm32f4xx_hal_flash_ex.o
    0x08001dc4   0x00000002   Code   RO         7246    i.HAL_FLASH_EndOfOperationCallback  callbacks.o
    0x08001dc6   0x00000002   PAD
    0x08001dc8   0x0000011c   Code   RO          874    i.HAL_FLASH_IRQHandler  stm32f4xx_hal_flash.o
    0x08001ee4   0x00000014   Code   RO          875    i.HAL_FLASH_Lock    stm32f4xx_hal_flash.o
    0x08001ef8   0x00000002   Code   RO          879    i.HAL_FLASH_OperationErrorCallback  stm32f4xx_hal_flash.o
    0x08001efa   0x00000002   PAD
    0x08001efc   0x00000098   Code   RO          880    i.HAL_FLASH_Program  stm32f4xx_hal_flash.o
    0x08001f94   0x0000002c   Code   RO          882    i.HAL_FLASH_Unlock  stm32f4xx_hal_flash.o
    0x08001fc0   0x00000002   Code   RO            5    i.HAL_GPIO_EXTI_Callback  stm32f4xx_hal_gpio.o
    0x08001fc2   0x00000002   PAD
    0x08001fc4   0x0000001c   Code   RO            6    i.HAL_GPIO_EXTI_IRQHandler  stm32f4xx_hal_gpio.o
    0x08001fe0   0x00000200   Code   RO            7    i.HAL_GPIO_Init     stm32f4xx_hal_gpio.o
    0x080021e0   0x00000010   Code   RO            9    i.HAL_GPIO_ReadPin  stm32f4xx_hal_gpio.o
    0x080021f0   0x0000000c   Code   RO           11    i.HAL_GPIO_WritePin  stm32f4xx_hal_gpio.o
    0x080021fc   0x0000000c   Code   RO         3342    i.HAL_GetTick       stm32f4xx_hal.o
    0x08002208   0x00000002   Code   RO         2255    i.HAL_I2C_AbortCpltCallback  stm32f4xx_hal_i2c.o
    0x0800220a   0x00000002   Code   RO         2256    i.HAL_I2C_AddrCallback  stm32f4xx_hal_i2c.o
    0x0800220c   0x00000178   Code   RO         2260    i.HAL_I2C_EV_IRQHandler  stm32f4xx_hal_i2c.o
    0x08002384   0x00000002   Code   RO         2262    i.HAL_I2C_ErrorCallback  stm32f4xx_hal_i2c.o
    0x08002386   0x00000002   PAD
    0x08002388   0x00000128   Code   RO         2266    i.HAL_I2C_Init      stm32f4xx_hal_i2c.o
    0x080024b0   0x00000002   Code   RO         2268    i.HAL_I2C_ListenCpltCallback  stm32f4xx_hal_i2c.o
    0x080024b2   0x00000002   Code   RO         2269    i.HAL_I2C_MasterRxCpltCallback  stm32f4xx_hal_i2c.o
    0x080024b4   0x00000002   Code   RO         7247    i.HAL_I2C_MasterTxCpltCallback  callbacks.o
    0x080024b6   0x00000002   PAD
    0x080024b8   0x00000194   Code   RO         2277    i.HAL_I2C_Master_Transmit  stm32f4xx_hal_i2c.o
    0x0800264c   0x000000e4   Code   RO         2279    i.HAL_I2C_Master_Transmit_IT  stm32f4xx_hal_i2c.o
    0x08002730   0x00000044   Code   RO         7248    i.HAL_I2C_MemRxCpltCallback  callbacks.o
    0x08002774   0x00000002   Code   RO         7249    i.HAL_I2C_MemTxCpltCallback  callbacks.o
    0x08002776   0x00000002   PAD
    0x08002778   0x00000324   Code   RO         2282    i.HAL_I2C_Mem_Read  stm32f4xx_hal_i2c.o
    0x08002a9c   0x00000210   Code   RO         2283    i.HAL_I2C_Mem_Read_DMA  stm32f4xx_hal_i2c.o
    0x08002cac   0x00000188   Code   RO         2285    i.HAL_I2C_Mem_Write  stm32f4xx_hal_i2c.o
    0x08002e34   0x0000018c   Code   RO         6033    i.HAL_I2C_MspInit   stm32f4xx_hal_msp.o
    0x08002fc0   0x00000002   Code   RO         2290    i.HAL_I2C_SlaveRxCpltCallback  stm32f4xx_hal_i2c.o
    0x08002fc2   0x00000002   Code   RO         2291    i.HAL_I2C_SlaveTxCpltCallback  stm32f4xx_hal_i2c.o
    0x08002fc4   0x00000010   Code   RO         3343    i.HAL_IncTick       stm32f4xx_hal.o
    0x08002fd4   0x0000003c   Code   RO         3344    i.HAL_Init          stm32f4xx_hal.o
    0x08003010   0x0000008c   Code   RO         5893    i.HAL_InitTick      stm32f4xx_hal_timebase_tim.o
    0x0800309c   0x00000066   Code   RO         6034    i.HAL_MspInit       stm32f4xx_hal_msp.o
    0x08003102   0x0000001a   Code   RO          196    i.HAL_NVIC_EnableIRQ  stm32f4xx_hal_cortex.o
    0x0800311c   0x0000007c   Code   RO          202    i.HAL_NVIC_SetPriority  stm32f4xx_hal_cortex.o
    0x08003198   0x00000028   Code   RO          203    i.HAL_NVIC_SetPriorityGrouping  stm32f4xx_hal_cortex.o
    0x080031c0   0x0000000a   Code   RO         1767    i.HAL_PCDEx_SetRxFiFo  stm32f4xx_hal_pcd_ex.o
    0x080031ca   0x00000052   Code   RO         1768    i.HAL_PCDEx_SetTxFiFo  stm32f4xx_hal_pcd_ex.o
    0x0800321c   0x0000000e   Code   RO         6143    i.HAL_PCD_ConnectCallback  usbd_conf.o
    0x0800322a   0x00000020   Code   RO         6144    i.HAL_PCD_DataInStageCallback  usbd_conf.o
    0x0800324a   0x00000020   Code   RO         6145    i.HAL_PCD_DataOutStageCallback  usbd_conf.o
    0x0800326a   0x0000000e   Code   RO         6146    i.HAL_PCD_DisconnectCallback  usbd_conf.o
    0x08003278   0x0000006a   Code   RO         2049    i.HAL_PCD_EP_Close  stm32f4xx_hal_pcd.o
    0x080032e2   0x00000068   Code   RO         2050    i.HAL_PCD_EP_ClrStall  stm32f4xx_hal_pcd.o
    0x0800334a   0x00000018   Code   RO         2052    i.HAL_PCD_EP_GetRxCount  stm32f4xx_hal_pcd.o
    0x08003362   0x0000008c   Code   RO         2053    i.HAL_PCD_EP_Open   stm32f4xx_hal_pcd.o
    0x080033ee   0x00000078   Code   RO         2054    i.HAL_PCD_EP_Receive  stm32f4xx_hal_pcd.o
    0x08003466   0x0000007a   Code   RO         2055    i.HAL_PCD_EP_SetStall  stm32f4xx_hal_pcd.o
    0x080034e0   0x0000007a   Code   RO         2056    i.HAL_PCD_EP_Transmit  stm32f4xx_hal_pcd.o
    0x0800355a   0x00000002   PAD
    0x0800355c   0x00000694   Code   RO         2058    i.HAL_PCD_IRQHandler  stm32f4xx_hal_pcd.o
    0x08003bf0   0x00000012   Code   RO         6147    i.HAL_PCD_ISOINIncompleteCallback  usbd_conf.o
    0x08003c02   0x00000012   Code   RO         6148    i.HAL_PCD_ISOOUTIncompleteCallback  usbd_conf.o
    0x08003c14   0x00000142   Code   RO         2061    i.HAL_PCD_Init      stm32f4xx_hal_pcd.o
    0x08003d56   0x00000002   PAD
    0x08003d58   0x00000090   Code   RO         6150    i.HAL_PCD_MspInit   usbd_conf.o
    0x08003de8   0x00000032   Code   RO         6151    i.HAL_PCD_ResetCallback  usbd_conf.o
    0x08003e1a   0x0000000e   Code   RO         6152    i.HAL_PCD_ResumeCallback  usbd_conf.o
    0x08003e28   0x0000000e   Code   RO         6153    i.HAL_PCD_SOFCallback  usbd_conf.o
    0x08003e36   0x00000032   Code   RO         2067    i.HAL_PCD_SetAddress  stm32f4xx_hal_pcd.o
    0x08003e68   0x00000012   Code   RO         6154    i.HAL_PCD_SetupStageCallback  usbd_conf.o
    0x08003e7a   0x00000034   Code   RO         2069    i.HAL_PCD_Start     stm32f4xx_hal_pcd.o
    0x08003eae   0x00000002   PAD
    0x08003eb0   0x00000034   Code   RO         6155    i.HAL_PCD_SuspendCallback  usbd_conf.o
    0x08003ee4   0x000001d0   Code   RO         1264    i.HAL_RCC_ClockConfig  stm32f4xx_hal_rcc.o
    0x080040b4   0x00000044   Code   RO         1268    i.HAL_RCC_GetClockConfig  stm32f4xx_hal_rcc.o
    0x080040f8   0x0000000c   Code   RO         1269    i.HAL_RCC_GetHCLKFreq  stm32f4xx_hal_rcc.o
    0x08004104   0x0000002c   Code   RO         1271    i.HAL_RCC_GetPCLK1Freq  stm32f4xx_hal_rcc.o
    0x08004130   0x0000002c   Code   RO         1272    i.HAL_RCC_GetPCLK2Freq  stm32f4xx_hal_rcc.o
    0x0800415c   0x000000b4   Code   RO         1273    i.HAL_RCC_GetSysClockFreq  stm32f4xx_hal_rcc.o
    0x08004210   0x0000039c   Code   RO         1276    i.HAL_RCC_OscConfig  stm32f4xx_hal_rcc.o
    0x080045ac   0x00000002   Code   RO          988    i.HAL_SPI_ErrorCallback  stm32f4xx_hal_spi.o
    0x080045ae   0x00000002   PAD
    0x080045b0   0x00000138   Code   RO          991    i.HAL_SPI_IRQHandler  stm32f4xx_hal_spi.o
    0x080046e8   0x0000008c   Code   RO          992    i.HAL_SPI_Init      stm32f4xx_hal_spi.o
    0x08004774   0x000000fc   Code   RO         6036    i.HAL_SPI_MspInit   stm32f4xx_hal_msp.o
    0x08004870   0x00000002   Code   RO          998    i.HAL_SPI_RxCpltCallback  stm32f4xx_hal_spi.o
    0x08004872   0x00000002   Code   RO          999    i.HAL_SPI_RxHalfCpltCallback  stm32f4xx_hal_spi.o
    0x08004874   0x0000021e   Code   RO         1001    i.HAL_SPI_TransmitReceive  stm32f4xx_hal_spi.o
    0x08004a92   0x00000002   PAD
    0x08004a94   0x00000144   Code   RO         1002    i.HAL_SPI_TransmitReceive_DMA  stm32f4xx_hal_spi.o
    0x08004bd8   0x00000028   Code   RO         7250    i.HAL_SPI_TxRxCpltCallback  callbacks.o
    0x08004c00   0x00000002   Code   RO         1009    i.HAL_SPI_TxRxHalfCpltCallback  stm32f4xx_hal_spi.o
    0x08004c02   0x00000028   Code   RO          205    i.HAL_SYSTICK_CLKSourceConfig  stm32f4xx_hal_cortex.o
    0x08004c2a   0x00000034   Code   RO          207    i.HAL_SYSTICK_Config  stm32f4xx_hal_cortex.o
    0x08004c5e   0x00000002   Code   RO         1368    i.HAL_TIMEx_BreakCallback  stm32f4xx_hal_tim_ex.o
    0x08004c60   0x00000002   Code   RO         1369    i.HAL_TIMEx_CommutationCallback  stm32f4xx_hal_tim_ex.o
    0x08004c62   0x00000062   Code   RO         1385    i.HAL_TIMEx_MasterConfigSynchronization  stm32f4xx_hal_tim_ex.o
    0x08004cc4   0x00000034   Code   RO         2690    i.HAL_TIM_Base_Init  stm32f4xx_hal_tim.o
    0x08004cf8   0x000000ac   Code   RO         6038    i.HAL_TIM_Base_MspInit  stm32f4xx_hal_msp.o
    0x08004da4   0x0000001e   Code   RO         2695    i.HAL_TIM_Base_Start_IT  stm32f4xx_hal_tim.o
    0x08004dc2   0x00000132   Code   RO         2699    i.HAL_TIM_ConfigClockSource  stm32f4xx_hal_tim.o
    0x08004ef4   0x00000038   Code   RO         7251    i.HAL_TIM_IC_CaptureCallback  callbacks.o
    0x08004f2c   0x000000e0   Code   RO         2720    i.HAL_TIM_IC_ConfigChannel  stm32f4xx_hal_tim.o
    0x0800500c   0x00000034   Code   RO         2723    i.HAL_TIM_IC_Init   stm32f4xx_hal_tim.o
    0x08005040   0x00000002   Code   RO         2725    i.HAL_TIM_IC_MspInit  stm32f4xx_hal_tim.o
    0x08005042   0x00000196   Code   RO         2732    i.HAL_TIM_IRQHandler  stm32f4xx_hal_tim.o
    0x080051d8   0x00000054   Code   RO         6039    i.HAL_TIM_MspPostInit  stm32f4xx_hal_msp.o
    0x0800522c   0x00000002   Code   RO         2735    i.HAL_TIM_OC_DelayElapsedCallback  stm32f4xx_hal_tim.o
    0x0800522e   0x00000108   Code   RO         2756    i.HAL_TIM_PWM_ConfigChannel  stm32f4xx_hal_tim.o
    0x08005336   0x00000034   Code   RO         2759    i.HAL_TIM_PWM_Init  stm32f4xx_hal_tim.o
    0x0800536a   0x00000002   PAD
    0x0800536c   0x00000034   Code   RO         6041    i.HAL_TIM_PWM_MspInit  stm32f4xx_hal_msp.o
    0x080053a0   0x00000002   Code   RO         2762    i.HAL_TIM_PWM_PulseFinishedCallback  stm32f4xx_hal_tim.o
    0x080053a2   0x00000002   PAD
    0x080053a4   0x0000004c   Code   RO         2763    i.HAL_TIM_PWM_Start  stm32f4xx_hal_tim.o
    0x080053f0   0x00000018   Code   RO         5755    i.HAL_TIM_PeriodElapsedCallback  main.o
    0x08005408   0x00000054   Code   RO         2770    i.HAL_TIM_ReadCapturedValue  stm32f4xx_hal_tim.o
    0x0800545c   0x00000002   Code   RO         2773    i.HAL_TIM_TriggerCallback  stm32f4xx_hal_tim.o
    0x0800545e   0x00000066   Code   RO          331    i.HAL_UART_DMAStop  stm32f4xx_hal_uart.o
    0x080054c4   0x00000002   Code   RO          333    i.HAL_UART_ErrorCallback  stm32f4xx_hal_uart.o
    0x080054c6   0x00000002   PAD
    0x080054c8   0x0000014c   Code   RO          336    i.HAL_UART_IRQHandler  stm32f4xx_hal_uart.o
    0x08005614   0x00000072   Code   RO          337    i.HAL_UART_Init     stm32f4xx_hal_uart.o
    0x08005686   0x00000002   PAD
    0x08005688   0x00000210   Code   RO         6043    i.HAL_UART_MspInit  stm32f4xx_hal_msp.o
    0x08005898   0x000000a8   Code   RO          341    i.HAL_UART_Receive_DMA  stm32f4xx_hal_uart.o
    0x08005940   0x00000064   Code   RO          342    i.HAL_UART_Receive_IT  stm32f4xx_hal_uart.o
    0x080059a4   0x00000018   Code   RO         7252    i.HAL_UART_RxCpltCallback  callbacks.o
    0x080059bc   0x00000002   Code   RO          344    i.HAL_UART_RxHalfCpltCallback  stm32f4xx_hal_uart.o
    0x080059be   0x00000002   PAD
    0x080059c0   0x0000009c   Code   RO          346    i.HAL_UART_Transmit_DMA  stm32f4xx_hal_uart.o
    0x08005a5c   0x00000002   Code   RO          348    i.HAL_UART_TxCpltCallback  stm32f4xx_hal_uart.o
    0x08005a5e   0x00000002   Code   RO          349    i.HAL_UART_TxHalfCpltCallback  stm32f4xx_hal_uart.o
    0x08005a60   0x00000004   Code   RO         5530    i.HardFault_Handler  stm32f4xx_it.o
    0x08005a64   0x00000010   Code   RO         5531    i.I2C1_EV_IRQHandler  stm32f4xx_it.o
    0x08005a74   0x00000010   Code   RO         5532    i.I2C2_EV_IRQHandler  stm32f4xx_it.o
    0x08005a84   0x00000068   Code   RO         2300    i.I2C_DMAAbort      stm32f4xx_hal_i2c.o
    0x08005aec   0x00000032   Code   RO         2301    i.I2C_DMAError      stm32f4xx_hal_i2c.o
    0x08005b1e   0x000000a6   Code   RO         2302    i.I2C_DMAXferCplt   stm32f4xx_hal_i2c.o
    0x08005bc4   0x00000170   Code   RO         2303    i.I2C_ITError       stm32f4xx_hal_i2c.o
    0x08005d34   0x00000034   Code   RO         2304    i.I2C_IsAcknowledgeFailed  stm32f4xx_hal_i2c.o
    0x08005d68   0x000000f8   Code   RO         2305    i.I2C_MasterReceive_BTF  stm32f4xx_hal_i2c.o
    0x08005e60   0x000000e0   Code   RO         2306    i.I2C_MasterReceive_RXNE  stm32f4xx_hal_i2c.o
    0x08005f40   0x000000c0   Code   RO         2308    i.I2C_MasterRequestWrite  stm32f4xx_hal_i2c.o
    0x08006000   0x000000a0   Code   RO         2309    i.I2C_MasterTransmit_BTF  stm32f4xx_hal_i2c.o
    0x080060a0   0x0000014a   Code   RO         2310    i.I2C_MasterTransmit_TXE  stm32f4xx_hal_i2c.o
    0x080061ea   0x0000000e   Code   RO         2311    i.I2C_Master_ADD10  stm32f4xx_hal_i2c.o
    0x080061f8   0x0000022e   Code   RO         2312    i.I2C_Master_ADDR   stm32f4xx_hal_i2c.o
    0x08006426   0x00000082   Code   RO         2313    i.I2C_Master_SB     stm32f4xx_hal_i2c.o
    0x080064a8   0x00000158   Code   RO         2314    i.I2C_RequestMemoryRead  stm32f4xx_hal_i2c.o
    0x08006600   0x000000e0   Code   RO         2315    i.I2C_RequestMemoryWrite  stm32f4xx_hal_i2c.o
    0x080066e0   0x0000001e   Code   RO         2316    i.I2C_SlaveReceive_BTF  stm32f4xx_hal_i2c.o
    0x080066fe   0x00000048   Code   RO         2317    i.I2C_SlaveReceive_RXNE  stm32f4xx_hal_i2c.o
    0x08006746   0x0000001c   Code   RO         2318    i.I2C_SlaveTransmit_BTF  stm32f4xx_hal_i2c.o
    0x08006762   0x00000046   Code   RO         2319    i.I2C_SlaveTransmit_TXE  stm32f4xx_hal_i2c.o
    0x080067a8   0x00000036   Code   RO         2320    i.I2C_Slave_ADDR    stm32f4xx_hal_i2c.o
    0x080067de   0x00000002   PAD
    0x080067e0   0x00000110   Code   RO         2322    i.I2C_Slave_STOPF   stm32f4xx_hal_i2c.o
    0x080068f0   0x00000056   Code   RO         2323    i.I2C_WaitOnBTFFlagUntilTimeout  stm32f4xx_hal_i2c.o
    0x08006946   0x0000007c   Code   RO         2324    i.I2C_WaitOnFlagUntilTimeout  stm32f4xx_hal_i2c.o
    0x080069c2   0x000000ac   Code   RO         2325    i.I2C_WaitOnMasterAddressFlagUntilTimeout  stm32f4xx_hal_i2c.o
    0x08006a6e   0x0000006e   Code   RO         2326    i.I2C_WaitOnRXNEFlagUntilTimeout  stm32f4xx_hal_i2c.o
    0x08006adc   0x00000056   Code   RO         2328    i.I2C_WaitOnTXEFlagUntilTimeout  stm32f4xx_hal_i2c.o
    0x08006b32   0x00000056   Code   RO         8631    i.IIR_apply         low_pass_filter.o
    0x08006b88   0x00000038   Code   RO         8632    i.IIR_reset         low_pass_filter.o
    0x08006bc0   0x000001cc   Code   RO         8633    i.IIR_set_cutoff_freq  low_pass_filter.o
    0x08006d8c   0x00000058   Code   RO         5756    i.MX_ADC1_Init      main.o
    0x08006de4   0x00000020   Code   RO         5757    i.MX_CRC_Init       main.o
    0x08006e04   0x000000c8   Code   RO         5758    i.MX_DMA_Init       main.o
    0x08006ecc   0x000001a8   Code   RO         5759    i.MX_GPIO_Init      main.o
    0x08007074   0x0000003c   Code   RO         5760    i.MX_I2C1_Init      main.o
    0x080070b0   0x00000040   Code   RO         5761    i.MX_I2C2_Init      main.o
    0x080070f0   0x00000044   Code   RO         5762    i.MX_SPI1_Init      main.o
    0x08007134   0x0000009c   Code   RO         5763    i.MX_TIM3_Init      main.o
    0x080071d0   0x0000005c   Code   RO         5764    i.MX_TIM4_Init      main.o
    0x0800722c   0x00000088   Code   RO         5765    i.MX_TIM8_Init      main.o
    0x080072b4   0x00000040   Code   RO         5766    i.MX_UART5_Init     main.o
    0x080072f4   0x00000038   Code   RO         5767    i.MX_USART1_UART_Init  main.o
    0x0800732c   0x00000038   Code   RO         5768    i.MX_USART2_UART_Init  main.o
    0x08007364   0x00000034   Code   RO         5933    i.MX_USB_DEVICE_Init  usb_device.o
    0x08007398   0x00000004   Code   RO         5533    i.MemManage_Handler  stm32f4xx_it.o
    0x0800739c   0x00000002   Code   RO         5534    i.NMI_Handler       stm32f4xx_it.o
    0x0800739e   0x00000002   PAD
    0x080073a0   0x00000010   Code   RO          209    i.NVIC_GetPriorityGrouping  stm32f4xx_hal_cortex.o
    0x080073b0   0x00000028   Code   RO          210    i.NVIC_SetPriority  stm32f4xx_hal_cortex.o
    0x080073d8   0x00000010   Code   RO         5535    i.OTG_FS_IRQHandler  stm32f4xx_it.o
    0x080073e8   0x000000a2   Code   RO         2072    i.PCD_WriteEmptyTxFifo  stm32f4xx_hal_pcd.o
    0x0800748a   0x00000002   PAD
    0x0800748c   0x00000010   Code   RO         5536    i.SPI1_IRQHandler   stm32f4xx_it.o
    0x0800749c   0x00000028   Code   RO         1014    i.SPI_CheckFlag_BSY  stm32f4xx_hal_spi.o
    0x080074c4   0x00000014   Code   RO         1018    i.SPI_DMAAbortOnError  stm32f4xx_hal_spi.o
    0x080074d8   0x00000028   Code   RO         1019    i.SPI_DMAError      stm32f4xx_hal_spi.o
    0x08007500   0x0000000e   Code   RO         1020    i.SPI_DMAHalfReceiveCplt  stm32f4xx_hal_spi.o
    0x0800750e   0x0000000e   Code   RO         1022    i.SPI_DMAHalfTransmitReceiveCplt  stm32f4xx_hal_spi.o
    0x0800751c   0x00000060   Code   RO         1023    i.SPI_DMAReceiveCplt  stm32f4xx_hal_spi.o
    0x0800757c   0x0000005a   Code   RO         1025    i.SPI_DMATransmitReceiveCplt  stm32f4xx_hal_spi.o
    0x080075d6   0x000000aa   Code   RO         1030    i.SPI_WaitFlagStateUntilTimeout  stm32f4xx_hal_spi.o
    0x08007680   0x0000000e   Code   RO         5769    i.StartDefaultTask  main.o
    0x0800768e   0x00000008   Code   RO         5537    i.SysTick_Handler   stm32f4xx_it.o
    0x08007696   0x00000002   PAD
    0x08007698   0x000000c4   Code   RO         5770    i.SystemClock_Config  main.o
    0x0800775c   0x00000064   Code   RO         6333    i.SystemInit        system_stm32f4xx.o
    0x080077c0   0x00000010   Code   RO         5538    i.TIM1_UP_TIM10_IRQHandler  stm32f4xx_it.o
    0x080077d0   0x00000010   Code   RO         5539    i.TIM4_IRQHandler   stm32f4xx_it.o
    0x080077e0   0x00000014   Code   RO         5540    i.TIM8_CC_IRQHandler  stm32f4xx_it.o
    0x080077f4   0x000000e4   Code   RO         2774    i.TIM_Base_SetConfig  stm32f4xx_hal_tim.o
    0x080078d8   0x0000001c   Code   RO         2775    i.TIM_CCxChannelCmd  stm32f4xx_hal_tim.o
    0x080078f4   0x00000018   Code   RO         2781    i.TIM_ETR_SetConfig  stm32f4xx_hal_tim.o
    0x0800790c   0x00000014   Code   RO         2782    i.TIM_ITRx_SetConfig  stm32f4xx_hal_tim.o
    0x08007920   0x00000070   Code   RO         2783    i.TIM_OC1_SetConfig  stm32f4xx_hal_tim.o
    0x08007990   0x00000078   Code   RO         2784    i.TIM_OC2_SetConfig  stm32f4xx_hal_tim.o
    0x08007a08   0x00000078   Code   RO         2785    i.TIM_OC3_SetConfig  stm32f4xx_hal_tim.o
    0x08007a80   0x00000060   Code   RO         2786    i.TIM_OC4_SetConfig  stm32f4xx_hal_tim.o
    0x08007ae0   0x0000002a   Code   RO         2788    i.TIM_TI1_ConfigInputStage  stm32f4xx_hal_tim.o
    0x08007b0a   0x00000002   PAD
    0x08007b0c   0x00000098   Code   RO         2789    i.TIM_TI1_SetConfig  stm32f4xx_hal_tim.o
    0x08007ba4   0x0000002c   Code   RO         2790    i.TIM_TI2_ConfigInputStage  stm32f4xx_hal_tim.o
    0x08007bd0   0x0000003e   Code   RO         2791    i.TIM_TI2_SetConfig  stm32f4xx_hal_tim.o
    0x08007c0e   0x0000003c   Code   RO         2792    i.TIM_TI3_SetConfig  stm32f4xx_hal_tim.o
    0x08007c4a   0x00000040   Code   RO         2793    i.TIM_TI4_SetConfig  stm32f4xx_hal_tim.o
    0x08007c8a   0x00000002   PAD
    0x08007c8c   0x00000010   Code   RO         5541    i.UART5_IRQHandler  stm32f4xx_it.o
    0x08007c9c   0x00000014   Code   RO          350    i.UART_DMAAbortOnError  stm32f4xx_hal_uart.o
    0x08007cb0   0x00000050   Code   RO          351    i.UART_DMAError     stm32f4xx_hal_uart.o
    0x08007d00   0x00000046   Code   RO          352    i.UART_DMAReceiveCplt  stm32f4xx_hal_uart.o
    0x08007d46   0x0000000e   Code   RO          353    i.UART_DMARxHalfCplt  stm32f4xx_hal_uart.o
    0x08007d54   0x00000036   Code   RO          354    i.UART_DMATransmitCplt  stm32f4xx_hal_uart.o
    0x08007d8a   0x0000000e   Code   RO          355    i.UART_DMATxHalfCplt  stm32f4xx_hal_uart.o
    0x08007d98   0x00000020   Code   RO          356    i.UART_EndRxTransfer  stm32f4xx_hal_uart.o
    0x08007db8   0x00000020   Code   RO          357    i.UART_EndTransmit_IT  stm32f4xx_hal_uart.o
    0x08007dd8   0x00000014   Code   RO          358    i.UART_EndTxTransfer  stm32f4xx_hal_uart.o
    0x08007dec   0x0000009a   Code   RO          359    i.UART_Receive_IT   stm32f4xx_hal_uart.o
    0x08007e86   0x00000002   PAD
    0x08007e88   0x00000368   Code   RO          360    i.UART_SetConfig    stm32f4xx_hal_uart.o
    0x080081f0   0x00000068   Code   RO          361    i.UART_Transmit_IT  stm32f4xx_hal_uart.o
    0x08008258   0x00000014   Code   RO         5542    i.USART1_IRQHandler  stm32f4xx_it.o
    0x0800826c   0x00000014   Code   RO         5543    i.USART2_IRQHandler  stm32f4xx_it.o
    0x08008280   0x0000001a   Code   RO         5341    i.USBD_CDC_DataIn   usbd_cdc.o
    0x0800829a   0x00000034   Code   RO         5342    i.USBD_CDC_DataOut  usbd_cdc.o
    0x080082ce   0x00000040   Code   RO         5343    i.USBD_CDC_DeInit   usbd_cdc.o
    0x0800830e   0x00000032   Code   RO         5344    i.USBD_CDC_EP0_RxReady  usbd_cdc.o
    0x08008340   0x00000010   Code   RO         5345    i.USBD_CDC_GetDeviceQualifierDescriptor  usbd_cdc.o
    0x08008350   0x00000010   Code   RO         5346    i.USBD_CDC_GetFSCfgDesc  usbd_cdc.o
    0x08008360   0x00000010   Code   RO         5347    i.USBD_CDC_GetHSCfgDesc  usbd_cdc.o
    0x08008370   0x00000010   Code   RO         5348    i.USBD_CDC_GetOtherSpeedCfgDesc  usbd_cdc.o
    0x08008380   0x000000a6   Code   RO         5349    i.USBD_CDC_Init     usbd_cdc.o
    0x08008426   0x0000003a   Code   RO         5350    i.USBD_CDC_ReceivePacket  usbd_cdc.o
    0x08008460   0x0000000e   Code   RO         5351    i.USBD_CDC_RegisterInterface  usbd_cdc.o
    0x0800846e   0x0000000e   Code   RO         5352    i.USBD_CDC_SetRxBuffer  usbd_cdc.o
    0x0800847c   0x00000014   Code   RO         5353    i.USBD_CDC_SetTxBuffer  usbd_cdc.o
    0x08008490   0x00000090   Code   RO         5354    i.USBD_CDC_Setup    usbd_cdc.o
    0x08008520   0x00000016   Code   RO         5027    i.USBD_ClrClassConfig  usbd_core.o
    0x08008536   0x00000044   Code   RO         5246    i.USBD_ClrFeature   usbd_ctlreq.o
    0x0800857a   0x00000018   Code   RO         5186    i.USBD_CtlContinueRx  usbd_ioreq.o
    0x08008592   0x00000018   Code   RO         5187    i.USBD_CtlContinueSendData  usbd_ioreq.o
    0x080085aa   0x00000018   Code   RO         5247    i.USBD_CtlError     usbd_ctlreq.o
    0x080085c2   0x00000028   Code   RO         5188    i.USBD_CtlPrepareRx  usbd_ioreq.o
    0x080085ea   0x0000001a   Code   RO         5189    i.USBD_CtlReceiveStatus  usbd_ioreq.o
    0x08008604   0x00000022   Code   RO         5190    i.USBD_CtlSendData  usbd_ioreq.o
    0x08008626   0x0000001a   Code   RO         5191    i.USBD_CtlSendStatus  usbd_ioreq.o
    0x08008640   0x00000034   Code   RO         5450    i.USBD_FS_ConfigStrDescriptor  usbd_desc.o
    0x08008674   0x00000010   Code   RO         5451    i.USBD_FS_DeviceDescriptor  usbd_desc.o
    0x08008684   0x00000038   Code   RO         5452    i.USBD_FS_InterfaceStrDescriptor  usbd_desc.o
    0x080086bc   0x00000010   Code   RO         5453    i.USBD_FS_LangIDStrDescriptor  usbd_desc.o
    0x080086cc   0x0000002c   Code   RO         5454    i.USBD_FS_ManufacturerStrDescriptor  usbd_desc.o
    0x080086f8   0x00000040   Code   RO         5455    i.USBD_FS_ProductStrDescriptor  usbd_desc.o
    0x08008738   0x00000038   Code   RO         5456    i.USBD_FS_SerialStrDescriptor  usbd_desc.o
    0x08008770   0x00000050   Code   RO         5248    i.USBD_GetConfig    usbd_ctlreq.o
    0x080087c0   0x00000148   Code   RO         5249    i.USBD_GetDescriptor  usbd_ctlreq.o
    0x08008908   0x00000014   Code   RO         5250    i.USBD_GetLen       usbd_ctlreq.o
    0x0800891c   0x00000044   Code   RO         5251    i.USBD_GetStatus    usbd_ctlreq.o
    0x08008960   0x00000052   Code   RO         5252    i.USBD_GetString    usbd_ctlreq.o
    0x080089b2   0x00000032   Code   RO         5029    i.USBD_Init         usbd_core.o
    0x080089e4   0x00000014   Code   RO         6156    i.USBD_LL_ClearStallEP  usbd_conf.o
    0x080089f8   0x00000014   Code   RO         6157    i.USBD_LL_CloseEP   usbd_conf.o
    0x08008a0c   0x000000da   Code   RO         5030    i.USBD_LL_DataInStage  usbd_core.o
    0x08008ae6   0x00000086   Code   RO         5031    i.USBD_LL_DataOutStage  usbd_core.o
    0x08008b6c   0x00000006   Code   RO         5032    i.USBD_LL_DevConnected  usbd_core.o
    0x08008b72   0x0000001a   Code   RO         5033    i.USBD_LL_DevDisconnected  usbd_core.o
    0x08008b8c   0x00000012   Code   RO         6161    i.USBD_LL_GetRxDataSize  usbd_conf.o
    0x08008b9e   0x00000002   PAD
    0x08008ba0   0x00000070   Code   RO         6162    i.USBD_LL_Init      usbd_conf.o
    0x08008c10   0x00000038   Code   RO         6163    i.USBD_LL_IsStallEP  usbd_conf.o
    0x08008c48   0x00000006   Code   RO         5034    i.USBD_LL_IsoINIncomplete  usbd_core.o
    0x08008c4e   0x00000006   Code   RO         5035    i.USBD_LL_IsoOUTIncomplete  usbd_core.o
    0x08008c54   0x00000020   Code   RO         6164    i.USBD_LL_OpenEP    usbd_conf.o
    0x08008c74   0x00000020   Code   RO         6165    i.USBD_LL_PrepareReceive  usbd_conf.o
    0x08008c94   0x00000044   Code   RO         5036    i.USBD_LL_Reset     usbd_core.o
    0x08008cd8   0x0000000e   Code   RO         5037    i.USBD_LL_Resume    usbd_core.o
    0x08008ce6   0x00000022   Code   RO         5038    i.USBD_LL_SOF       usbd_core.o
    0x08008d08   0x00000008   Code   RO         5039    i.USBD_LL_SetSpeed  usbd_core.o
    0x08008d10   0x00000014   Code   RO         6166    i.USBD_LL_SetUSBAddress  usbd_conf.o
    0x08008d24   0x0000006e   Code   RO         5040    i.USBD_LL_SetupStage  usbd_core.o
    0x08008d92   0x00000014   Code   RO         6167    i.USBD_LL_StallEP   usbd_conf.o
    0x08008da6   0x00000010   Code   RO         6168    i.USBD_LL_Start     usbd_conf.o
    0x08008db6   0x00000014   Code   RO         5041    i.USBD_LL_Suspend   usbd_core.o
    0x08008dca   0x00000020   Code   RO         6170    i.USBD_LL_Transmit  usbd_conf.o
    0x08008dea   0x00000028   Code   RO         5253    i.USBD_ParseSetupRequest  usbd_ctlreq.o
    0x08008e12   0x00000010   Code   RO         5042    i.USBD_RegisterClass  usbd_core.o
    0x08008e22   0x00000006   Code   RO         5043    i.USBD_RunTestMode  usbd_core.o
    0x08008e28   0x00000054   Code   RO         5254    i.USBD_SetAddress   usbd_ctlreq.o
    0x08008e7c   0x00000022   Code   RO         5044    i.USBD_SetClassConfig  usbd_core.o
    0x08008e9e   0x00000002   PAD
    0x08008ea0   0x000000e0   Code   RO         5255    i.USBD_SetConfig    usbd_ctlreq.o
    0x08008f80   0x00000024   Code   RO         5256    i.USBD_SetFeature   usbd_ctlreq.o
    0x08008fa4   0x0000000e   Code   RO         5045    i.USBD_Start        usbd_core.o
    0x08008fb2   0x00000072   Code   RO         5257    i.USBD_StdDevReq    usbd_ctlreq.o
    0x08009024   0x00000156   Code   RO         5258    i.USBD_StdEPReq     usbd_ctlreq.o
    0x0800917a   0x0000004a   Code   RO         5259    i.USBD_StdItfReq    usbd_ctlreq.o
    0x080091c4   0x000000c4   Code   RO          579    i.USB_ActivateEndpoint  stm32f4xx_ll_usb.o
    0x08009288   0x00000044   Code   RO          580    i.USB_ActivateSetup  stm32f4xx_ll_usb.o
    0x080092cc   0x00000068   Code   RO          582    i.USB_CoreInit      stm32f4xx_ll_usb.o
    0x08009334   0x0000004c   Code   RO          583    i.USB_CoreReset     stm32f4xx_ll_usb.o
    0x08009380   0x000000a8   Code   RO          585    i.USB_DeactivateEndpoint  stm32f4xx_ll_usb.o
    0x08009428   0x0000001e   Code   RO          586    i.USB_DevConnect    stm32f4xx_ll_usb.o
    0x08009446   0x0000001e   Code   RO          587    i.USB_DevDisconnect  stm32f4xx_ll_usb.o
    0x08009464   0x0000019c   Code   RO          588    i.USB_DevInit       stm32f4xx_ll_usb.o
    0x08009600   0x0000000e   Code   RO          589    i.USB_DisableGlobalInt  stm32f4xx_ll_usb.o
    0x0800960e   0x00000002   PAD
    0x08009610   0x000001b0   Code   RO          592    i.USB_EP0StartXfer  stm32f4xx_ll_usb.o
    0x080097c0   0x00000044   Code   RO          593    i.USB_EP0_OutStart  stm32f4xx_ll_usb.o
    0x08009804   0x00000088   Code   RO          594    i.USB_EPClearStall  stm32f4xx_ll_usb.o
    0x0800988c   0x0000008c   Code   RO          595    i.USB_EPSetStall    stm32f4xx_ll_usb.o
    0x08009918   0x000002d0   Code   RO          596    i.USB_EPStartXfer   stm32f4xx_ll_usb.o
    0x08009be8   0x0000000e   Code   RO          597    i.USB_EnableGlobalInt  stm32f4xx_ll_usb.o
    0x08009bf6   0x00000002   PAD
    0x08009bf8   0x0000002c   Code   RO          598    i.USB_FlushRxFifo   stm32f4xx_ll_usb.o
    0x08009c24   0x00000030   Code   RO          599    i.USB_FlushTxFifo   stm32f4xx_ll_usb.o
    0x08009c54   0x00000044   Code   RO          601    i.USB_GetDevSpeed   stm32f4xx_ll_usb.o
    0x08009c98   0x0000000a   Code   RO          603    i.USB_GetMode       stm32f4xx_ll_usb.o
    0x08009ca2   0x00000012   Code   RO          610    i.USB_ReadDevAllInEpInterrupt  stm32f4xx_ll_usb.o
    0x08009cb4   0x00000012   Code   RO          611    i.USB_ReadDevAllOutEpInterrupt  stm32f4xx_ll_usb.o
    0x08009cc6   0x0000002c   Code   RO          612    i.USB_ReadDevInEPInterrupt  stm32f4xx_ll_usb.o
    0x08009cf2   0x00000016   Code   RO          613    i.USB_ReadDevOutEPInterrupt  stm32f4xx_ll_usb.o
    0x08009d08   0x0000000c   Code   RO          614    i.USB_ReadInterrupts  stm32f4xx_ll_usb.o
    0x08009d14   0x00000022   Code   RO          615    i.USB_ReadPacket    stm32f4xx_ll_usb.o
    0x08009d36   0x00000030   Code   RO          617    i.USB_SetCurrentMode  stm32f4xx_ll_usb.o
    0x08009d66   0x00000024   Code   RO          618    i.USB_SetDevAddress  stm32f4xx_ll_usb.o
    0x08009d8a   0x00000010   Code   RO          619    i.USB_SetDevSpeed   stm32f4xx_ll_usb.o
    0x08009d9a   0x00000030   Code   RO          622    i.USB_WritePacket   stm32f4xx_ll_usb.o
    0x08009dca   0x00000004   Code   RO         5544    i.UsageFault_Handler  stm32f4xx_it.o
    0x08009dce   0x00000030   Code   RO         9059    i.__ARM_fpclassify  m_wm.l(fpclassify.o)
    0x08009dfe   0x00000026   Code   RO         9061    i.__ARM_fpclassifyf  m_wm.l(fpclassifyf.o)
    0x08009e24   0x00000012   Code   RO         8461    i.__ARM_isfinitef   position_estimator.o
    0x08009e36   0x00000002   PAD
    0x08009e38   0x00000360   Code   RO         8843    i.__hardfp_asin     m_wm.l(asin.o)
    0x0800a198   0x000002d8   Code   RO         9028    i.__hardfp_atan     m_wm.l(atan.o)
    0x0800a470   0x000001f0   Code   RO         8857    i.__hardfp_atan2    m_wm.l(atan2.o)
    0x0800a660   0x00000250   Code   RO         8869    i.__hardfp_atan2f   m_wm.l(atan2f.o)
    0x0800a8b0   0x000000c8   Code   RO         8887    i.__hardfp_cos      m_wm.l(cos.o)
    0x0800a978   0x00000014   Code   RO         8899    i.__hardfp_fabs     m_wm.l(fabs.o)
    0x0800a98c   0x00000004   PAD
    0x0800a990   0x00000c50   Code   RO         8905    i.__hardfp_pow      m_wm.l(pow.o)
    0x0800b5e0   0x000000c8   Code   RO         8919    i.__hardfp_sin      m_wm.l(sin.o)
    0x0800b6a8   0x0000003a   Code   RO         8931    i.__hardfp_sqrtf    m_wm.l(sqrtf.o)
    0x0800b6e2   0x00000006   PAD
    0x0800b6e8   0x00000080   Code   RO         8949    i.__hardfp_tan      m_wm.l(tan.o)
    0x0800b768   0x00000438   Code   RO         9080    i.__ieee754_rem_pio2  m_wm.l(rred.o)
    0x0800bba0   0x00000170   Code   RO         9042    i.__kernel_cos      m_wm.l(cos_i.o)
    0x0800bd10   0x000000f8   Code   RO         9077    i.__kernel_poly     m_wm.l(poly.o)
    0x0800be08   0x00000130   Code   RO         9085    i.__kernel_sin      m_wm.l(sin_i.o)
    0x0800bf38   0x00000350   Code   RO         9103    i.__kernel_tan      m_wm.l(tan_i.o)
    0x0800c288   0x00000030   Code   RO         9045    i.__mathlib_dbl_divzero  m_wm.l(dunder.o)
    0x0800c2b8   0x00000014   Code   RO         9046    i.__mathlib_dbl_infnan  m_wm.l(dunder.o)
    0x0800c2cc   0x00000014   Code   RO         9047    i.__mathlib_dbl_infnan2  m_wm.l(dunder.o)
    0x0800c2e0   0x00000020   Code   RO         9048    i.__mathlib_dbl_invalid  m_wm.l(dunder.o)
    0x0800c300   0x00000020   Code   RO         9049    i.__mathlib_dbl_overflow  m_wm.l(dunder.o)
    0x0800c320   0x00000020   Code   RO         9051    i.__mathlib_dbl_underflow  m_wm.l(dunder.o)
    0x0800c340   0x00000006   Code   RO         9065    i.__mathlib_flt_infnan2  m_wm.l(funder.o)
    0x0800c346   0x00000002   PAD
    0x0800c348   0x00000010   Code   RO         9069    i.__mathlib_flt_underflow  m_wm.l(funder.o)
    0x0800c358   0x0000000e   Code   RO         9208    i.__scatterload_copy  mc_w.l(handlers.o)
    0x0800c366   0x00000002   Code   RO         9209    i.__scatterload_null  mc_w.l(handlers.o)
    0x0800c368   0x0000000e   Code   RO         9210    i.__scatterload_zeroinit  mc_w.l(handlers.o)
    0x0800c376   0x00000002   PAD
    0x0800c378   0x0000000c   Code   RO         9135    i.__set_errno       mc_w.l(errno.o)
    0x0800c384   0x0000001a   Code   RO         8052    i.absolute_f        sensors_calibration.o
    0x0800c39e   0x00000002   PAD
    0x0800c3a0   0x00000044   Code   RO         8464    i.acc_calibrate     position_estimator.o
    0x0800c3e4   0x0000017c   Code   RO         8465    i.acc_filter        position_estimator.o
    0x0800c560   0x00000030   Code   RO         8466    i.acc_filter_start  position_estimator.o
    0x0800c590   0x000000b0   Code   RO         7518    i.acc_process       sensors_task.o
    0x0800c640   0x00000064   Code   RO         6982    i.api_pack_decode   xbee_api.o
    0x0800c6a4   0x0000005c   Code   RO         6983    i.api_pack_encode   xbee_api.o
    0x0800c700   0x0000001c   Code   RO         6984    i.api_rx_decode     xbee_api.o
    0x0800c71c   0x00000046   Code   RO         6985    i.api_tx_encode     xbee_api.o
    0x0800c762   0x0000001e   Code   RO         6986    i.api_tx_status_decode  xbee_api.o
    0x0800c780   0x00000090   Code   RO         6495    i.arm_cos_f32       arm_cos_f32.o
    0x0800c810   0x00000144   Code   RO         6369    i.arm_mat_mult_f32  arm_mat_mult_f32.o
    0x0800c954   0x0000006e   Code   RO         6396    i.arm_mat_scale_f32  arm_mat_scale_f32.o
    0x0800c9c2   0x000000c0   Code   RO         6420    i.arm_mat_sub_f32   arm_mat_sub_f32.o
    0x0800ca82   0x00000098   Code   RO         6444    i.arm_mat_trans_f32  arm_mat_trans_f32.o
    0x0800cb1a   0x00000002   PAD
    0x0800cb1c   0x000000a8   Code   RO         6523    i.arm_sin_f32       arm_sin_f32.o
    0x0800cbc4   0x00000134   Code   RO         6468    i.arm_std_f32       arm_std_f32.o
    0x0800ccf8   0x00000010   Code   RO         9030    i.atan              m_wm.l(atan.o)
    0x0800cd08   0x00000018   Code   RO         7763    i.attAcquire        attitude_estimator.o
    0x0800cd20   0x00000050   Code   RO         8223    i.attitude_control_Task  attitude_controller.o
    0x0800cd70   0x000001e4   Code   RO         8224    i.attitude_controller  attitude_controller.o
    0x0800cf54   0x00000068   Code   RO         8225    i.attitude_controller_init  attitude_controller.o
    0x0800cfbc   0x00000030   Code   RO         7765    i.attitude_estimator_start  attitude_estimator.o
    0x0800cfec   0x0000003c   Code   RO         7766    i.attitude_init     attitude_estimator.o
    0x0800d028   0x00000298   Code   RO         7767    i.attitude_init_Task  attitude_estimator.o
    0x0800d2c0   0x0000002c   Code   RO         8145    i.attitude_initialized_callback  task_manager.o
    0x0800d2ec   0x000000e4   Code   RO         7768    i.attitude_reset    attitude_estimator.o
    0x0800d3d0   0x0000032c   Code   RO         7769    i.attitude_update   attitude_estimator.o
    0x0800d6fc   0x00000140   Code   RO         7770    i.attitude_update_Task  attitude_estimator.o
    0x0800d83c   0x00000020   Code   RO         8331    i.attspAcquire      position_controller.o
    0x0800d85c   0x00000054   Code   RO         8333    i.attsp_reset       position_controller.o
    0x0800d8b0   0x00000018   Code   RO         7519    i.baroAcquire       sensors_task.o
    0x0800d8c8   0x000002c4   Code   RO         6921    i.baroProcess       ms5611_i2c.o
    0x0800db8c   0x00000018   Code   RO         6771    i.batAcquire        battery.o
    0x0800dba4   0x0000002c   Code   RO         6772    i.battery_get_voltage  battery.o
    0x0800dbd0   0x0000003c   Code   RO         6773    i.battery_init      battery.o
    0x0800dc0c   0x00000010   Code   RO         6774    i.battery_meas_start  battery.o
    0x0800dc1c   0x00000136   Code   RO         8721    i.body2earth        type_methods.o
    0x0800dd52   0x00000002   PAD
    0x0800dd54   0x00000044   Code   RO         8054    i.calibration_manager_init  sensors_calibration.o
    0x0800dd98   0x000000dc   Code   RO         7393    i.char_to_float     gps.o
    0x0800de74   0x0000001c   Code   RO         7103    i.check_butt        led.o
    0x0800de90   0x0000004c   Code   RO         7912    i.commanderInit     commander.o
    0x0800dedc   0x0000006c   Code   RO         7913    i.commanderTask     commander.o
    0x0800df48   0x0000002a   Code   RO         7771    i.constrain_f       attitude_estimator.o
    0x0800df72   0x0000002a   Code   RO         8334    i.constrain_f       position_controller.o
    0x0800df9c   0x00000016   Code   RO         7647    i.constrain_int32   motor_mixer.o
    0x0800dfb2   0x00000002   PAD
    0x0800dfb4   0x000000d0   Code   RO         6603    i.data_link_init    data_link.o
    0x0800e084   0x00000028   Code   RO         6604    i.data_send_start   data_link.o
    0x0800e0ac   0x00000058   Code   RO         6989    i.decode_calibrate  xbee_api.o
    0x0800e104   0x000000cc   Code   RO         6990    i.decode_cmd_acc    xbee_api.o
    0x0800e1d0   0x0000008e   Code   RO         6991    i.decode_pid        xbee_api.o
    0x0800e25e   0x00000002   PAD
    0x0800e260   0x00000134   Code   RO         6992    i.decode_pos_sp     xbee_api.o
    0x0800e394   0x00000136   Code   RO         8723    i.earth2body        type_methods.o
    0x0800e4ca   0x00000002   PAD
    0x0800e4cc   0x00000040   Code   RO         7152    i.eeprom_init       rom.o
    0x0800e50c   0x0000001c   Code   RO         7153    i.eeprom_read       rom.o
    0x0800e528   0x00000002   Code   RO         7154    i.eeprom_readCallback  rom.o
    0x0800e52a   0x00000002   PAD
    0x0800e52c   0x00000064   Code   RO         7155    i.eeprom_write      rom.o
    0x0800e590   0x0000002a   Code   RO         6994    i.encode_general_18  xbee_api.o
    0x0800e5ba   0x00000048   Code   RO         6995    i.encode_pid        xbee_api.o
    0x0800e602   0x000000e8   Code   RO         8724    i.euler2quaternion  type_methods.o
    0x0800e6ea   0x0000001a   Code   RO         8685    i.external_err_pid  pid_methods.o
    0x0800e704   0x00000018   Code   RO         8901    i.fabs              m_wm.l(fabs.o)
    0x0800e71c   0x0000007c   Code   RO         7650    i.force2output      motor_mixer.o
    0x0800e798   0x00000050   Code   RO         8976    i.free              mc_w.l(malloc.o)
    0x0800e7e8   0x00000070   Code   RO         6922    i.get_altitude      ms5611_i2c.o
    0x0800e858   0x0000035c   Code   RO         7394    i.get_gps_data      gps.o
    0x0800ebb4   0x00000018   Code   RO         7395    i.gps_acquire       gps.o
    0x0800ebcc   0x000000b0   Code   RO         7520    i.gyr_process       sensors_task.o
    0x0800ec7c   0x00000030   Code   RO         7521    i.gyro_calibrate    sensors_task.o
    0x0800ecac   0x0000000c   Code   RO         7522    i.hmc5883lCallback  sensors_task.o
    0x0800ecb8   0x00000050   Code   RO         6881    i.hmc5883l_cfg      hmc5883l_i2c.o
    0x0800ed08   0x00000020   Code   RO         6882    i.hmc5883l_dma_start  hmc5883l_i2c.o
    0x0800ed28   0x00000002   Code   RO         6883    i.hmc_fast_init     hmc5883l_i2c.o
    0x0800ed2a   0x00000002   PAD
    0x0800ed2c   0x000000f8   Code   RO         7523    i.imu_IIR_init      sensors_task.o
    0x0800ee24   0x00000080   Code   RO         8473    i.inertial_filter_correct  position_estimator.o
    0x0800eea4   0x00000068   Code   RO         8474    i.inertial_filter_predict  position_estimator.o
    0x0800ef0c   0x00000056   Code   RO         8687    i.internal_err_pid  pid_methods.o
    0x0800ef62   0x00000002   PAD
    0x0800ef64   0x0000003c   Code   RO         8726    i.inv_sqrt          type_methods.o
    0x0800efa0   0x00000036   Code   RO         7775    i.judge_steady      attitude_estimator.o
    0x0800efd6   0x00000002   PAD
    0x0800efd8   0x00000080   Code   RO         7104    i.led_init          led.o
    0x0800f058   0x000002b8   Code   RO         8059    i.magCalTask        sensors_calibration.o
    0x0800f310   0x00000060   Code   RO         7524    i.mag_process       sensors_task.o
    0x0800f370   0x0000006c   Code   RO         5771    i.main              main.o
    0x0800f3dc   0x0000000e   Code   RO         4388    i.makeFreeRtosPriority  cmsis_os.o
    0x0800f3ea   0x00000002   PAD
    0x0800f3ec   0x0000006c   Code   RO         8977    i.malloc            mc_w.l(malloc.o)
    0x0800f458   0x00000020   Code   RO         7918    i.manSetpointAcquire  commander.o
    0x0800f478   0x00000094   Code   RO         8146    i.managerTask       task_manager.o
    0x0800f50c   0x0000001a   Code   RO         8338    i.manuel_controller  position_controller.o
    0x0800f526   0x00000002   PAD
    0x0800f528   0x00000080   Code   RO         8475    i.map_projection_init  position_estimator.o
    0x0800f5a8   0x000000c4   Code   RO         8476    i.map_projection_project  position_estimator.o
    0x0800f66c   0x00000018   Code   RO         7525    i.margAcquire       sensors_task.o
    0x0800f684   0x0000001a   Code   RO         7778    i.minimum_f         attitude_estimator.o
    0x0800f69e   0x0000000e   Code   RO         8480    i.minimum_int32     position_estimator.o
    0x0800f6ac   0x00000020   Code   RO         7655    i.motorMixTask      motor_mixer.o
    0x0800f6cc   0x00000024   Code   RO         6731    i.motor_cut         motor_pwm.o
    0x0800f6f0   0x00000058   Code   RO         6732    i.motor_init        motor_pwm.o
    0x0800f748   0x00000030   Code   RO         7656    i.motor_mixer_init  motor_mixer.o
    0x0800f778   0x00000028   Code   RO         6733    i.motor_pwm_output  motor_pwm.o
    0x0800f7a0   0x00000030   Code   RO         7526    i.mpu6000Callback   sensors_task.o
    0x0800f7d0   0x000001e8   Code   RO         6828    i.mpu6000_cfg       mpu6000_spi.o
    0x0800f9b8   0x0000002c   Code   RO         6829    i.mpu6000_dma_start  mpu6000_spi.o
    0x0800f9e4   0x00000014   Code   RO         6830    i.mpu_fast_init     mpu6000_spi.o
    0x0800f9f8   0x00000002   Code   RO         7527    i.ms5611Callback    sensors_task.o
    0x0800f9fa   0x00000002   PAD
    0x0800f9fc   0x00000164   Code   RO         6923    i.ms5611_init       ms5611_i2c.o
    0x0800fb60   0x00000024   Code   RO         6924    i.ms5611_pres_start  ms5611_i2c.o
    0x0800fb84   0x00000044   Code   RO         6925    i.ms5611_read_trigger  ms5611_i2c.o
    0x0800fbc8   0x00000024   Code   RO         6926    i.ms5611_temp_start  ms5611_i2c.o
    0x0800fbec   0x00000018   Code   RO         4389    i.osDelay           cmsis_os.o
    0x0800fc04   0x0000000a   Code   RO         4392    i.osKernelStart     cmsis_os.o
    0x0800fc0e   0x00000010   Code   RO         4421    i.osSystickHandler  cmsis_os.o
    0x0800fc1e   0x0000003a   Code   RO         4422    i.osThreadCreate    cmsis_os.o
    0x0800fc58   0x00000018   Code   RO         8235    i.outputBlockingAcquire  attitude_controller.o
    0x0800fc70   0x00000020   Code   RO         8481    i.posAcquire        position_estimator.o
    0x0800fc90   0x00000020   Code   RO         7923    i.posSetpointAcquire  commander.o
    0x0800fcb0   0x00000084   Code   RO         8343    i.position_control_Task  position_controller.o
    0x0800fd34   0x000003fc   Code   RO         8344    i.position_controller  position_controller.o
    0x08010130   0x00000038   Code   RO         8345    i.position_controller_init  position_controller.o
    0x08010168   0x00000018   Code   RO         8346    i.position_controller_queue_init  position_controller.o
    0x08010180   0x000010c8   Code   RO         8483    i.position_estimation  position_estimator.o
    0x08011248   0x0000004c   Code   RO         8484    i.position_estimation_queue_init  position_estimator.o
    0x08011294   0x00000038   Code   RO         8485    i.position_estimation_start  position_estimator.o
    0x080112cc   0x00000138   Code   RO         7657    i.powerDistribution  motor_mixer.o
    0x08011404   0x000000a4   Code   RO         7313    i.ppmCallback       receiver.o
    0x080114a8   0x00000054   Code   RO         3985    i.prvAddCurrentTaskToDelayedList  tasks.o
    0x080114fc   0x00000042   Code   RO         3986    i.prvAllocateTCBAndStack  tasks.o
    0x0801153e   0x00000002   PAD
    0x08011540   0x00000064   Code   RO         3987    i.prvCheckTasksWaitingTermination  tasks.o
    0x080115a4   0x0000002a   Code   RO         4731    i.prvCopyDataFromQueue  queue.o
    0x080115ce   0x00000080   Code   RO         4732    i.prvCopyDataToQueue  queue.o
    0x0801164e   0x00000012   Code   RO         3988    i.prvDeleteTCB      tasks.o
    0x08011660   0x0000007c   Code   RO         4326    i.prvHeapInit       heap_4.o
    0x080116dc   0x00000028   Code   RO         3989    i.prvIdleTask       tasks.o
    0x08011704   0x00000062   Code   RO         3990    i.prvInitialiseTCBVariables  tasks.o
    0x08011766   0x00000002   PAD
    0x08011768   0x00000068   Code   RO         3991    i.prvInitialiseTaskLists  tasks.o
    0x080117d0   0x00000068   Code   RO         4327    i.prvInsertBlockIntoFreeList  heap_4.o
    0x08011838   0x0000001a   Code   RO         4733    i.prvIsQueueEmpty   queue.o
    0x08011852   0x0000001e   Code   RO         4734    i.prvIsQueueFull    queue.o
    0x08011870   0x00000034   Code   RO         3993    i.prvResetNextTaskUnblockTime  tasks.o
    0x080118a4   0x00000040   Code   RO         4886    i.prvTaskExitError  port.o
    0x080118e4   0x0000007e   Code   RO         4735    i.prvUnlockQueue    queue.o
    0x08011962   0x00000002   PAD
    0x08011964   0x0000013c   Code   RO         4328    i.pvPortMalloc      heap_4.o
    0x08011aa0   0x00000020   Code   RO         3996    i.pvTaskIncrementMutexHeldCount  tasks.o
    0x08011ac0   0x00000028   Code   RO         4887    i.pxPortInitialiseStack  port.o
    0x08011ae8   0x000000e2   Code   RO         8727    i.quaternion2rotation  type_methods.o
    0x08011bca   0x00000002   PAD
    0x08011bcc   0x00000134   Code   RO         8728    i.quaternion_derivative  type_methods.o
    0x08011d00   0x00000072   Code   RO         8729    i.quaternion_normalize  type_methods.o
    0x08011d72   0x00000002   PAD
    0x08011d74   0x00000030   Code   RO         7317    i.receiver_init     receiver.o
    0x08011da4   0x00000014   Code   RO         7157    i.rom_get_acc_bias  rom.o
    0x08011db8   0x00000010   Code   RO         7158    i.rom_get_mag_bias  rom.o
    0x08011dc8   0x0000001c   Code   RO         7159    i.rom_set_acc_bias  rom.o
    0x08011de4   0x0000001c   Code   RO         7160    i.rom_set_mag_bias  rom.o
    0x08011e00   0x000000e4   Code   RO         8730    i.rotation2euler    type_methods.o
    0x08011ee4   0x00000064   Code   RO         7318    i.sbusCallback      receiver.o
    0x08011f48   0x00000004   Code   RO         8147    i.self_check        task_manager.o
    0x08011f4c   0x000000c4   Code   RO         6605    i.send_data         data_link.o
    0x08012010   0x000000fc   Code   RO         7528    i.sensorsProcessTask  sensors_task.o
    0x0801210c   0x000000c8   Code   RO         7529    i.sensorsTaskInit   sensors_task.o
    0x080121d4   0x0000010c   Code   RO         7530    i.sensorsTrigerTask  sensors_task.o
    0x080122e0   0x0000001c   Code   RO         7105    i.setLed            led.o
    0x080122fc   0x00000788   Code   RO         8661    i.sphere_fit_least_squares  calibration_lib.o
    0x08012a84   0x0000006e   Code   RO         9093    i.sqrt              m_wm.l(sqrt.o)
    0x08012af2   0x00000002   PAD
    0x08012af4   0x0000002c   Code   RO         8148    i.start_manager     task_manager.o
    0x08012b20   0x000000a0   Code   RO         8149    i.taskManagerInit   task_manager.o
    0x08012bc0   0x00000028   Code   RO         3903    i.uxListRemove      list.o
    0x08012be8   0x00000074   Code   RO         6775    i.vAdcTask          battery.o
    0x08012c5c   0x00000170   Code   RO         6606    i.vDataReceiveTask  data_link.o
    0x08012dcc   0x00000020   Code   RO         6607    i.vDataSendTask     data_link.o
    0x08012dec   0x00000058   Code   RO         7161    i.vEepromTask       rom.o
    0x08012e44   0x00000164   Code   RO         7106    i.vLedTask          led.o
    0x08012fa8   0x0000001a   Code   RO         3904    i.vListInitialise   list.o
    0x08012fc2   0x00000006   Code   RO         3905    i.vListInitialiseItem  list.o
    0x08012fc8   0x00000034   Code   RO         3906    i.vListInsert       list.o
    0x08012ffc   0x00000018   Code   RO         3907    i.vListInsertEnd    list.o
    0x08013014   0x00000054   Code   RO         4889    i.vPortEnterCritical  port.o
    0x08013068   0x0000003c   Code   RO         4890    i.vPortExitCritical  port.o
    0x080130a4   0x00000094   Code   RO         4329    i.vPortFree         heap_4.o
    0x08013138   0x00000020   Code   RO         4891    i.vPortSetupTimerInterrupt  port.o
    0x08013158   0x00000078   Code   RO         4892    i.vPortValidateInterruptPriority  port.o
    0x080131d0   0x0000008c   Code   RO         4004    i.vTaskDelay        tasks.o
    0x0801325c   0x000000fc   Code   RO         4005    i.vTaskDelayUntil   tasks.o
    0x08013358   0x000000e0   Code   RO         4006    i.vTaskDelete       tasks.o
    0x08013438   0x0000000c   Code   RO         4008    i.vTaskMissedYield  tasks.o
    0x08013444   0x0000007c   Code   RO         4010    i.vTaskPlaceOnEventList  tasks.o
    0x080134c0   0x000000b0   Code   RO         4012    i.vTaskPriorityInherit  tasks.o
    0x08013570   0x00000030   Code   RO         4016    i.vTaskSetTimeOutState  tasks.o
    0x080135a0   0x0000007c   Code   RO         4017    i.vTaskStartScheduler  tasks.o
    0x0801361c   0x00000010   Code   RO         4019    i.vTaskSuspendAll   tasks.o
    0x0801362c   0x0000008c   Code   RO         4020    i.vTaskSwitchContext  tasks.o
    0x080136b8   0x00000056   Code   RO         8732    i.vec3f_cross       type_methods.o
    0x0801370e   0x00000026   Code   RO         8733    i.vec3f_dot         type_methods.o
    0x08013734   0x0000002e   Code   RO         8734    i.vec3f_length      type_methods.o
    0x08013762   0x00000056   Code   RO         8735    i.vec3f_normalize   type_methods.o
    0x080137b8   0x0000013c   Code   RO         4893    i.xPortStartScheduler  port.o
    0x080138f4   0x00000034   Code   RO         4894    i.xPortSysTickHandler  port.o
    0x08013928   0x00000086   Code   RO         4746    i.xQueueGenericCreate  queue.o
    0x080139ae   0x00000002   PAD
    0x080139b0   0x000001ac   Code   RO         4747    i.xQueueGenericReceive  queue.o
    0x08013b5c   0x00000094   Code   RO         4748    i.xQueueGenericReset  queue.o
    0x08013bf0   0x000001a0   Code   RO         4749    i.xQueueGenericSend  queue.o
    0x08013d90   0x000000f0   Code   RO         4750    i.xQueueGenericSendFromISR  queue.o
    0x08013e80   0x000000d6   Code   RO         4751    i.xQueueGiveFromISR  queue.o
    0x08013f56   0x00000002   PAD
    0x08013f58   0x0000008c   Code   RO         4021    i.xTaskCheckForTimeOut  tasks.o
    0x08013fe4   0x00000170   Code   RO         4022    i.xTaskGenericCreate  tasks.o
    0x08014154   0x00000020   Code   RO         4026    i.xTaskGetSchedulerState  tasks.o
    0x08014174   0x0000000c   Code   RO         4027    i.xTaskGetTickCount  tasks.o
    0x08014180   0x0000014c   Code   RO         4029    i.xTaskIncrementTick  tasks.o
    0x080142cc   0x000000c8   Code   RO         4032    i.xTaskPriorityDisinherit  tasks.o
    0x08014394   0x00000098   Code   RO         4033    i.xTaskRemoveFromEventList  tasks.o
    0x0801442c   0x00000104   Code   RO         4035    i.xTaskResumeAll    tasks.o
    0x08014530   0x0000002a   Code   RO         7924    i.xbee_attCmd2manCtrlsp  commander.o
    0x0801455a   0x00000002   PAD
    0x0801455c   0x00000018   Code   RO         6609    i.xbee_commandBlockingAcquire  data_link.o
    0x08014574   0x00000018   Code   RO         6612    i.xbee_outdoor_commandBlockingAcquire  data_link.o
    0x0801458c   0x00000058   Code   RO         7925    i.xbee_posCmd2posSp  commander.o
    0x080145e4   0x00000010   Data   RO         1277    .constdata          stm32f4xx_hal_rcc.o
    0x080145f4   0x00000008   Data   RO         1622    .constdata          stm32f4xx_hal_dma.o
    0x080145fc   0x00000014   Data   RO         5773    .constdata          main.o
    0x08014610   0x00034eca   Data   RO         6547    .constdata          arm_common_tables.o
    0x080494da   0x00000002   PAD
    0x080494dc   0x00000008   Data   RO         7659    .constdata          motor_mixer.o
    0x080494e4   0x00000040   Data   RO         8237    .constdata          attitude_controller.o
    0x08049524   0x00000020   Data   RO         8737    .constdata          type_methods.o
    0x08049544   0x00000004   PAD
    0x08049548   0x00000050   Data   RO         8846    .constdata          m_wm.l(asin.o)
    0x08049598   0x00000088   Data   RO         8908    .constdata          m_wm.l(pow.o)
    0x08049620   0x00000098   Data   RO         9031    .constdata          m_wm.l(atan.o)
    0x080496b8   0x00000030   Data   RO         9043    .constdata          m_wm.l(cos_i.o)
    0x080496e8   0x00000008   Data   RO         9079    .constdata          m_wm.l(qnan.o)
    0x080496f0   0x000000c8   Data   RO         9082    .constdata          m_wm.l(rred.o)
    0x080497b8   0x00000028   Data   RO         9086    .constdata          m_wm.l(sin_i.o)
    0x080497e0   0x00000060   Data   RO         9104    .constdata          m_wm.l(tan_i.o)
    0x08049840   0x0000000c   Data   RO         5774    .conststring        main.o
    0x0804984c   0x00000020   Data   RO         9206    Region$$Table       anon$$obj.o


    Execution Region RW_IRAM1 (Base: 0x20000000, Size: 0x00006730, Max: 0x00020000, ABSOLUTE, COMPRESSED[0x0000011c])

    Base Addr    Size         Type   Attr      Idx    E Section Name        Object

    0x20000000   0x00000004   Data   RW         3350    .data               stm32f4xx_hal.o
    0x20000004   0x00000038   Data   RW         4038    .data               tasks.o
    0x2000003c   0x00000018   Data   RW         4334    .data               heap_4.o
    0x20000054   0x0000000c   Data   RW         4895    .data               port.o
    0x20000060   0x00000001   Data   RW         5260    .data               usbd_ctlreq.o
    0x20000061   0x00000003   PAD
    0x20000064   0x00000110   Data   RW         5356    .data               usbd_cdc.o
    0x20000174   0x00000034   Data   RW         5458    .data               usbd_desc.o
    0x200001a8   0x0000000c   Data   RW         5775    .data               main.o
    0x200001b4   0x00000018   Data   RW         5976    .data               usbd_cdc_if.o
    0x200001cc   0x00000004   Data   RW         6335    .data               system_stm32f4xx.o
    0x200001d0   0x00000028   Data   RW         6614    .data               data_link.o
    0x200001f8   0x0000000c   Data   RW         6776    .data               battery.o
    0x20000204   0x0000000f   Data   RW         6831    .data               mpu6000_spi.o
    0x20000213   0x00000005   PAD
    0x20000218   0x00000030   Data   RW         6927    .data               ms5611_i2c.o
    0x20000248   0x00000001   Data   RW         7163    .data               rom.o
    0x20000249   0x00000003   PAD
    0x2000024c   0x0000000c   Data   RW         7323    .data               receiver.o
    0x20000258   0x00000014   Data   RW         7397    .data               gps.o
    0x2000026c   0x00000039   Data   RW         7532    .data               sensors_task.o
    0x200002a5   0x00000003   PAD
    0x200002a8   0x00000008   Data   RW         7660    .data               motor_mixer.o
    0x200002b0   0x00000014   Data   RW         7781    .data               attitude_estimator.o
    0x200002c4   0x00000008   Data   RW         7927    .data               commander.o
    0x200002cc   0x00000006   Data   RW         8065    .data               sensors_calibration.o
    0x200002d2   0x00000005   Data   RW         8150    .data               task_manager.o
    0x200002d7   0x00000001   PAD
    0x200002d8   0x00000064   Data   RW         8238    .data               attitude_controller.o
    0x2000033c   0x00000064   Data   RW         8348    .data               position_controller.o
    0x200003a0   0x0000001c   Data   RW         8488    .data               position_estimator.o
    0x200003bc   0x00000004   Data   RW         9131    .data               mc_w.l(mvars.o)
    0x200003c0   0x00000004   Data   RW         9132    .data               mc_w.l(mvars.o)
    0x200003c4   0x00000004   Data   RW         9136    .data               mc_w.l(errno.o)
    0x200003c8   0x00000020   Zero   RW          883    .bss                stm32f4xx_hal_flash.o
    0x200003e8   0x000000f0   Zero   RW         4037    .bss                tasks.o
    0x200004d8   0x00003c00   Zero   RW         4333    .bss                heap_4.o
    0x200040d8   0x00000200   Zero   RW         5457    .bss                usbd_desc.o
    0x200042d8   0x000005bc   Zero   RW         5772    .bss                main.o
    0x20004894   0x0000003c   Zero   RW         5896    .bss                stm32f4xx_hal_timebase_tim.o
    0x200048d0   0x00000224   Zero   RW         5934    .bss                usb_device.o
    0x20004af4   0x000003b8   Zero   RW         6171    .bss                usbd_conf.o
    0x20004eac   0x000001d4   Zero   RW         6613    .bss                data_link.o
    0x20005080   0x00000024   Zero   RW         7107    .bss                led.o
    0x200050a4   0x00000080   Zero   RW         7162    .bss                rom.o
    0x20005124   0x00000060   Zero   RW         7322    .bss                receiver.o
    0x20005184   0x00000004   PAD
    0x20005188   0x00000238   Zero   RW         7396    .bss                gps.o
    0x200053c0   0x00000118   Zero   RW         7531    .bss                sensors_task.o
    0x200054d8   0x00000014   Zero   RW         7658    .bss                motor_mixer.o
    0x200054ec   0x00000094   Zero   RW         7780    .bss                attitude_estimator.o
    0x20005580   0x00000084   Zero   RW         7926    .bss                commander.o
    0x20005604   0x0000098c   Zero   RW         8064    .bss                sensors_calibration.o
    0x20005f90   0x00000094   Zero   RW         8236    .bss                attitude_controller.o
    0x20006024   0x000000f4   Zero   RW         8347    .bss                position_controller.o
    0x20006118   0x00000018   Zero   RW         8486    .bss                position_estimator.o
    0x20006130   0x00000200   Zero   RW         6593    HEAP                startup_stm32f405xx.o
    0x20006330   0x00000400   Zero   RW         6592    STACK               startup_stm32f405xx.o


==============================================================================

Image component sizes


      Code (inc. data)   RO Data    RW Data    ZI Data      Debug   Object Name

         0          0     216778          0          0       4820   arm_common_tables.o
       144         12          0          0          0        834   arm_cos_f32.o
       324          4          0          0          0       1767   arm_mat_mult_f32.o
       110          0          0          0          0       1536   arm_mat_scale_f32.o
       192          0          0          0          0       1538   arm_mat_sub_f32.o
       152          0          0          0          0       1432   arm_mat_trans_f32.o
       168         14          0          0          0        850   arm_sin_f32.o
       308          6          0          0          0      14650   arm_std_f32.o
       692         68         64        100        148      17815   attitude_controller.o
      2278        132          0         20        148       9864   attitude_estimator.o
       260         46          0         12          0       6980   battery.o
      1928          4          0          0          0       3115   calibration_lib.o
       194         38          0          0          0       4794   callbacks.o
       122          0          0          0          0      16234   cmsis_os.o
       378         62          0          8        132       4574   commander.o
      1080        212          0         40        468      11654   data_link.o
      1504        142          0         20        568       8930   gps.o
       692         62          0         24      15360       7523   heap_4.o
       114         14          0          0          0       2316   hmc5883l_i2c.o
       540         44          0          0         36       3825   led.o
       148          0          0          0          0      12666   list.o
       602         30          0          0          0       3282   low_pass_filter.o
      1842        166         32         12       1468      11901   main.o
       538         54          8          8         20       4726   motor_mixer.o
       164         14          0          0          0       1620   motor_pwm.o
       552         64          0         15          0       3031   mpu6000_spi.o
      1316        138          0         48          0       5884   ms5611_i2c.o
       112          0          0          0          0       2174   pid_methods.o
       954         90          0         12          0       9869   port.o
      1416         98          0        100        244       7774   position_controller.o
      5544        216          0         28         24      20630   position_estimator.o
      1932         12          0          0          0      13613   queue.o
       312         52          0         12         96       2910   receiver.o
       374         72          0          1        128       7448   rom.o
       790         52          0          6       2444       3423   sensors_calibration.o
      1574        250          0         57        280      14858   sensors_task.o
        36          8        392          0       1536        844   startup_stm32f405xx.o
       114         16          0          4          0       3820   stm32f4xx_hal.o
      1340         54          0          0          0       5873   stm32f4xx_hal_adc.o
       338         22          0          0          0      31873   stm32f4xx_hal_cortex.o
        36          0          0          0          0       1123   stm32f4xx_hal_crc.o
      1466         20          8          0          0       7410   stm32f4xx_hal_dma.o
       954         70          0          0         32       7844   stm32f4xx_hal_flash.o
       444         26          0          0          0       3474   stm32f4xx_hal_flash_ex.o
       570         50          0          0          0     347999   stm32f4xx_hal_gpio.o
      7310        108          0          0          0      35151   stm32f4xx_hal_i2c.o
      1722        174          0          0          0       7508   stm32f4xx_hal_msp.o
      3008         46          0          0          0      11661   stm32f4xx_hal_pcd.o
        92          0          0          0          0       1952   stm32f4xx_hal_pcd_ex.o
      1736         80         16          0          0       6708   stm32f4xx_hal_rcc.o
      1810         26          0          0          0      13197   stm32f4xx_hal_spi.o
      2726        118          0          0          0      22083   stm32f4xx_hal_tim.o
       102          0          0          0          0       2498   stm32f4xx_hal_tim_ex.o
       140         18          0          0         60       1616   stm32f4xx_hal_timebase_tim.o
      2446         42          0          0          0      16141   stm32f4xx_hal_uart.o
       366        106          0          0          0      31797   stm32f4xx_it.o
      3074         58          0          0          0      21810   stm32f4xx_ll_usb.o
         0          0          0          0          0       4385   system.o
       100         18          0          4          0       1461   system_stm32f4xx.o
       400         44          0          5          0       7650   task_manager.o
      3346        434          0         56        240      34658   tasks.o
         0          0          0          0          0       8880   timers.o
      2044          8         32          0          0      10593   type_methods.o
        52         16          0          0        548       2499   usb_device.o
       672         30          0        272          0      13108   usbd_cdc.o
       136         16          0         24          0       3022   usbd_cdc_if.o
       798         20          0          0        952      15614   usbd_conf.o
       792          0          0          0          0      18021   usbd_core.o
      1584         30          0          1          0      11468   usbd_ctlreq.o
       304        128          0         52        512       5763   usbd_desc.o
       174          0          0          0          0       5000   usbd_ioreq.o
      1176         18          0          0          0      10017   xbee_api.o

    ----------------------------------------------------------------------
     70866       3972     217368        956      25448     985381   Object Totals
         0          0         32          0          0          0   (incl. Generated)
       108          0          6         15          4          0   (incl. Padding)

    ----------------------------------------------------------------------

      Code (inc. data)   RO Data    RW Data    ZI Data      Debug   Library Member Name

       864         94         80          0          0        280   asin.o
       744        106        152          0          0        352   atan.o
       496         64          0          0          0        192   atan2.o
       592         90          0          0          0        184   atan2f.o
       200         20          0          0          0        164   cos.o
       368         46         48          0          0        200   cos_i.o
       184         44          0          0          0        744   dunder.o
        44          0          0          0          0        248   fabs.o
        48          0          0          0          0        124   fpclassify.o
        38          0          0          0          0        116   fpclassifyf.o
        22          6          0          0          0        232   funder.o
       248          0          0          0          0        152   poly.o
      3152        296        136          0          0        352   pow.o
         0          0          8          0          0          0   qnan.o
      1080        142        200          0          0        188   rred.o
       200         20          0          0          0        164   sin.o
       304         24         40          0          0        208   sin_i.o
       110          0          0          0          0        148   sqrt.o
        58          0          0          0          0        136   sqrtf.o
       128         20          0          0          0        144   tan.o
       848         84         96          0          0        196   tan_i.o
        86          0          0          0          0          0   __dczerorl2.o
         0          0          0          0          0          0   entry.o
         0          0          0          0          0          0   entry10a.o
         0          0          0          0          0          0   entry11a.o
         8          4          0          0          0          0   entry2.o
         4          0          0          0          0          0   entry5.o
         0          0          0          0          0          0   entry7b.o
         0          0          0          0          0          0   entry8b.o
         8          4          0          0          0          0   entry9a.o
        12          6          0          4          0         68   errno.o
        30          0          0          0          0          0   handlers.o
        36          8          0          0          0         68   init.o
         0          0          0          0          0          0   iusefp.o
        98          0          0          0          0         84   ldiv.o
        30          0          0          0          0         68   llshl.o
        36          0          0          0          0         68   llsshr.o
        32          0          0          0          0         68   llushr.o
       188         20          0          0          0        160   malloc.o
        36          0          0          0          0         68   memcpya.o
        36          0          0          0          0        108   memseta.o
         0          0          0          8          0          0   mvars.o
        98          0          0          0          0         92   uldiv.o
        48          0          0          0          0         68   cdcmple.o
        48          0          0          0          0         68   cdrcmple.o
        56          0          0          0          0         88   d2f.o
       334          0          0          0          0        148   dadd.o
       222          0          0          0          0        100   ddiv.o
       186          0          0          0          0        176   depilogue.o
        62          0          0          0          0         80   dfixi.o
        34          0          0          0          0         76   dflti.o
        40          0          0          0          0         80   dfltl.o
        26          0          0          0          0         76   dfltui.o
       228          0          0          0          0         96   dmul.o
        46          0          0          0          0         80   dscalb.o
       162          0          0          0          0        100   dsqrt.o
        38          0          0          0          0         68   f2d.o
       110          0          0          0          0        168   fepilogue.o
        44          0          0          0          0         92   ffltl.o

    ----------------------------------------------------------------------
     12170       1098        760         12          0       6940   Library Totals
        20          0          0          0          0          0   (incl. Padding)

    ----------------------------------------------------------------------

      Code (inc. data)   RO Data    RW Data    ZI Data      Debug   Library Name

      9728       1056        760          0          0       4524   m_wm.l
       738         42          0         12          0        852   mc_w.l
      1684          0          0          0          0       1564   mf_w.l

    ----------------------------------------------------------------------
     12170       1098        760         12          0       6940   Library Totals

    ----------------------------------------------------------------------

==============================================================================


      Code (inc. data)   RO Data    RW Data    ZI Data      Debug   

     83036       5070     218128        968      25448     933457   Grand Totals
     83036       5070     218128        284      25448     933457   ELF Image Totals (compressed)
     83036       5070     218128        284          0          0   ROM Totals

==============================================================================

    Total RO  Size (Code + RO Data)               301164 ( 294.11kB)
    Total RW  Size (RW Data + ZI Data)             26416 (  25.80kB)
    Total ROM Size (Code + RO Data + RW Data)     301448 ( 294.38kB)

==============================================================================

